// Jest Snapshot v1, https://goo.gl/fbAQLP

exports[`The Take-me-home app Returns some trips 1`] = `
Array [
  Object {
    "legs": Array [
      Object {
        "end": "2019-09-06T07:38:00",
        "start": Object {
          "date": "2019-09-06",
          "place": "Huskvarna station (Jönköping kn)",
          "time": "07:09",
        },
        "stops": Array [
          "Huskvarna station (Jönköping kn)",
          "Tenhult station (Jönköping kn)",
          "Forserum station (Nässjö kn)",
          "Nässjö Centralstation",
        ],
        "type": "JNY",
      },
      Object {
        "end": "2019-09-06T10:34:00",
        "start": Object {
          "date": "2019-09-06",
          "place": "Nässjö Centralstation",
          "time": "08:03",
        },
        "stops": Array [
          "Nässjö Centralstation",
          "Linköping Centralstation",
          "Norrköping Centralstation",
          "Södertälje Syd station",
          "Stockholm Centralstation",
        ],
        "type": "JNY",
      },
      Object {
        "end": "2019-09-06T11:03:00",
        "start": Object {
          "date": "2019-09-06",
          "place": "T-Centralen T-bana (Stockholm kn)",
          "time": "10:54",
        },
        "stops": Array [
          "T-Centralen T-bana (Stockholm kn)",
          "Gamla Stan T-bana (Stockholm kn)",
          "Slussen T-bana (Stockholm kn)",
          "Medborgarplatsen T-bana (Stockholm kn)",
          "Skanstull T-bana (Stockholm kn)",
          "Gullmarsplan T-bana (Stockholm kn)",
        ],
        "type": "JNY",
      },
      Object {
        "end": "2019-09-06T11:18:00",
        "start": Object {
          "date": "2019-09-06",
          "place": "Gullmarsplan T-bana (Stockholm kn)",
          "time": "11:13",
        },
        "stops": Array [
          "Gullmarsplan T-bana (Stockholm kn)",
          "Sköntorpsplan (Stockholm kn)",
          "Ymsenvägen (Stockholm kn)",
          "Skagersvägen (Stockholm kn)",
          "Vättersvägen (Stockholm kn)",
          "Årstaskolan (Stockholm kn)",
        ],
        "type": "JNY",
      },
    ],
    "start": Object {
      "date": "2019-09-06",
      "time": "07:09",
    },
  },
  Object {
    "legs": Array [
      Object {
        "end": "2019-09-06T11:30:00",
        "start": Object {
          "date": "2019-09-06",
          "place": "Kungsporten (Jönköping kn)",
          "time": "11:09",
        },
        "stops": Array [
          "Kungsporten (Jönköping kn)",
          "Kittendorffs gata (Jönköping kn)",
          "Kungsängen (Jönköping kn)",
          "Gullregnsbacken (Jönköping kn)",
          "Resedastigen (Jönköping kn)",
          "Jönköping Ekhagen centrum",
          "Rosenlundsskolan (Jönköping kn)",
          "Hermansplan (Jönköping kn)",
          "Rosenlunds Vårdcentrum (Jönköping kn)",
          "Starrgatan (Jönköping kn)",
          "Jönköping Kilallén",
          "Jönköping Cigarren",
          "Östra torget (Jönköping kn)",
          "Stadsbiblioteket (Jönköping kn)",
          "Jönköping Östra centrum",
          "Jönköping Rådhusparken",
          "Jönköping Juneporten",
        ],
        "type": "JNY",
      },
      Object {
        "end": "2019-09-06T15:50:00",
        "start": Object {
          "date": "2019-09-06",
          "place": "Jönköping Centralstation",
          "time": "11:45",
        },
        "stops": Array [
          "Jönköping Centralstation",
          "Linköping Fjärrbussterminal",
          "Norrköping busstation",
          "Liljeholmen T-bana (Stockholm kn)",
        ],
        "type": "JNY",
      },
      Object {
        "end": "2019-09-06T16:31:00",
        "start": Object {
          "date": "2019-09-06",
          "place": "Liljeholmen T-bana (Stockholm kn)",
          "time": "16:12",
        },
        "stops": Array [
          "Liljeholmen T-bana (Stockholm kn)",
          "Sjövikstorget (Stockholm kn)",
          "Sjöviksvägen (Stockholm kn)",
          "Hildebergsvägen (Stockholm kn)",
          "Årstaberg station (Stockholm kn)",
          "Årsta gård (Stockholm kn)",
          "Ottsjövägen (Stockholm kn)",
          "Åmänningevägen (Stockholm kn)",
          "Årsta torg (Stockholm kn)",
          "Årstaskolan (Stockholm kn)",
        ],
        "type": "JNY",
      },
    ],
    "start": Object {
      "date": "2019-09-06",
      "time": "11:09",
    },
  },
]
`;
