// Jest Snapshot v1, https://goo.gl/fbAQLP

exports[`The Take-me-home app Returns some trips 1`] = `
Array [
  Object {
    "start": Object {
      "date": "2019-08-04",
      "time": "22:02:00",
    },
    "stops": Array [
      "Hedvigsborg (Mörbylånga kn)",
      "Resmo vsk (Mörbylånga kn)",
      "Kleva (Mörbylånga kn)",
      "Lilla Frö (Mörbylånga kn)",
      "Stora Frö (Mörbylånga kn)",
      "Haga park (Mörbylånga kn)",
      "Vickleby vsk (Mörbylånga kn)",
      "Karlevi vsk (Mörbylånga kn)",
      "Eriksöre camping (Mörbylånga kn)",
      "Runsbäck (Mörbylånga kn)",
      "Färjestaden Byggmästargatan (Mörbylånga kn)",
      "Södra Hamnplan (Mörbylånga kn)",
      "Färjestaden Ölands Köpstad (Mörbylånga kn)",
      "Snäckstrand södra (Mörbylånga kn)",
      "Snäckstrand norra (Mörbylånga kn)",
      "Färjestaden Möllstorp (Mörbylånga kn)",
      "Tallhagen (Kalmar kn)",
      "Kalmar Chokladfabriken",
      "Kalmar Malmen",
      "Tullslätten (Kalmar kn)",
      "Kalmar Centralstation",
      "Mönsterås norra",
      "Oskarshamn station",
      "Västervik station",
      "Norrköping busstation",
      "Kolmården station (Norrköping kn)",
      "Nyköping Centralstation",
      "Vagnhärad station (Trosa kn)",
      "Södertälje Syd station",
      "Flemingsberg station (Huddinge kn)",
      "Huddinge station",
      "Stuvsta station (Huddinge kn)",
      "Älvsjö station (Stockholm kn)",
    ],
  },
  Object {
    "start": Object {
      "date": "2019-08-04",
      "time": "22:02:00",
    },
    "stops": Array [
      "Hedvigsborg (Mörbylånga kn)",
      "Resmo vsk (Mörbylånga kn)",
      "Kleva (Mörbylånga kn)",
      "Lilla Frö (Mörbylånga kn)",
      "Stora Frö (Mörbylånga kn)",
      "Haga park (Mörbylånga kn)",
      "Vickleby vsk (Mörbylånga kn)",
      "Karlevi vsk (Mörbylånga kn)",
      "Eriksöre camping (Mörbylånga kn)",
      "Runsbäck (Mörbylånga kn)",
      "Färjestaden Byggmästargatan (Mörbylånga kn)",
      "Södra Hamnplan (Mörbylånga kn)",
      "Färjestaden Ölands Köpstad (Mörbylånga kn)",
      "Snäckstrand södra (Mörbylånga kn)",
      "Snäckstrand norra (Mörbylånga kn)",
      "Färjestaden Möllstorp (Mörbylånga kn)",
      "Tallhagen (Kalmar kn)",
      "Kalmar Chokladfabriken",
      "Kalmar Malmen",
      "Tullslätten (Kalmar kn)",
      "Kalmar Centralstation",
      "Mönsterås norra",
      "Oskarshamn station",
      "Västervik station",
      "Norrköping busstation",
      "Kolmården station (Norrköping kn)",
      "Nyköping Centralstation",
      "Vagnhärad station (Trosa kn)",
      "Södertälje Syd station",
      "Flemingsberg station (Huddinge kn)",
      "Huddinge station",
      "Stuvsta station (Huddinge kn)",
      "Älvsjö station (Stockholm kn)",
      "Turingevägen (Stockholm kn)",
    ],
  },
  Object {
    "start": Object {
      "date": "2019-08-04",
      "time": "22:02:00",
    },
    "stops": Array [
      "Hedvigsborg (Mörbylånga kn)",
      "Resmo vsk (Mörbylånga kn)",
      "Kleva (Mörbylånga kn)",
      "Lilla Frö (Mörbylånga kn)",
      "Stora Frö (Mörbylånga kn)",
      "Haga park (Mörbylånga kn)",
      "Vickleby vsk (Mörbylånga kn)",
      "Karlevi vsk (Mörbylånga kn)",
      "Eriksöre camping (Mörbylånga kn)",
      "Runsbäck (Mörbylånga kn)",
      "Färjestaden Byggmästargatan (Mörbylånga kn)",
      "Södra Hamnplan (Mörbylånga kn)",
      "Färjestaden Ölands Köpstad (Mörbylånga kn)",
      "Snäckstrand södra (Mörbylånga kn)",
      "Snäckstrand norra (Mörbylånga kn)",
      "Färjestaden Möllstorp (Mörbylånga kn)",
      "Tallhagen (Kalmar kn)",
      "Kalmar Chokladfabriken",
      "Kalmar Malmen",
      "Tullslätten (Kalmar kn)",
      "Kalmar Centralstation",
      "Mönsterås norra",
      "Oskarshamn station",
      "Västervik station",
      "Norrköping busstation",
      "Stockholm Cityterminalen",
      "Stockholm Södra station",
      "Årstaberg station (Stockholm kn)",
      "Älvsjö station (Stockholm kn)",
    ],
  },
  Object {
    "start": Object {
      "date": "2019-08-04",
      "time": "22:02:00",
    },
    "stops": Array [
      "Hedvigsborg (Mörbylånga kn)",
      "Resmo vsk (Mörbylånga kn)",
      "Kleva (Mörbylånga kn)",
      "Lilla Frö (Mörbylånga kn)",
      "Stora Frö (Mörbylånga kn)",
      "Haga park (Mörbylånga kn)",
      "Vickleby vsk (Mörbylånga kn)",
      "Karlevi vsk (Mörbylånga kn)",
      "Eriksöre camping (Mörbylånga kn)",
      "Runsbäck (Mörbylånga kn)",
      "Färjestaden Byggmästargatan (Mörbylånga kn)",
      "Södra Hamnplan (Mörbylånga kn)",
      "Färjestaden Ölands Köpstad (Mörbylånga kn)",
      "Snäckstrand södra (Mörbylånga kn)",
      "Snäckstrand norra (Mörbylånga kn)",
      "Färjestaden Möllstorp (Mörbylånga kn)",
      "Tallhagen (Kalmar kn)",
      "Kalmar Chokladfabriken",
      "Kalmar Malmen",
      "Tullslätten (Kalmar kn)",
      "Kalmar Centralstation",
      "Mönsterås norra",
      "Oskarshamn station",
      "Västervik station",
      "Norrköping busstation",
      "Stockholm Cityterminalen",
      "Stockholm Södra station",
      "Årstaberg station (Stockholm kn)",
      "Älvsjö station (Stockholm kn)",
      "Turingevägen (Stockholm kn)",
    ],
  },
  Object {
    "start": Object {
      "date": "2019-08-05",
      "time": "05:02:00",
    },
    "stops": Array [
      "Hedvigsborg (Mörbylånga kn)",
      "Resmo vsk (Mörbylånga kn)",
      "Kleva (Mörbylånga kn)",
      "Lilla Frö (Mörbylånga kn)",
      "Stora Frö (Mörbylånga kn)",
      "Haga park (Mörbylånga kn)",
      "Vickleby vsk (Mörbylånga kn)",
      "Karlevi vsk (Mörbylånga kn)",
      "Eriksöre camping (Mörbylånga kn)",
      "Runsbäck (Mörbylånga kn)",
      "Färjestaden Byggmästargatan (Mörbylånga kn)",
      "Södra Hamnplan (Mörbylånga kn)",
      "Färjestaden Ölands Köpstad (Mörbylånga kn)",
      "Snäckstrand södra (Mörbylånga kn)",
      "Snäckstrand norra (Mörbylånga kn)",
      "Färjestaden Möllstorp (Mörbylånga kn)",
      "Tallhagen (Kalmar kn)",
      "Kalmar Chokladfabriken",
      "Kalmar Malmen",
      "Tullslätten (Kalmar kn)",
      "Kalmar Centralstation",
      "Nybro station",
      "Emmaboda station",
      "Lessebo station",
      "Hovmantorp station (Lessebo kn)",
      "Växjö station",
      "Alvesta station",
      "Nässjö Centralstation",
      "Mjölby station",
      "Linköping Centralstation",
      "Norrköping Centralstation",
      "Stockholm Södra station",
      "Årstaberg station (Stockholm kn)",
      "Älvsjö station (Stockholm kn)",
    ],
  },
  Object {
    "start": Object {
      "date": "2019-08-05",
      "time": "05:02:00",
    },
    "stops": Array [
      "Hedvigsborg (Mörbylånga kn)",
      "Resmo vsk (Mörbylånga kn)",
      "Kleva (Mörbylånga kn)",
      "Lilla Frö (Mörbylånga kn)",
      "Stora Frö (Mörbylånga kn)",
      "Haga park (Mörbylånga kn)",
      "Vickleby vsk (Mörbylånga kn)",
      "Karlevi vsk (Mörbylånga kn)",
      "Eriksöre camping (Mörbylånga kn)",
      "Runsbäck (Mörbylånga kn)",
      "Färjestaden Byggmästargatan (Mörbylånga kn)",
      "Södra Hamnplan (Mörbylånga kn)",
      "Färjestaden Ölands Köpstad (Mörbylånga kn)",
      "Snäckstrand södra (Mörbylånga kn)",
      "Snäckstrand norra (Mörbylånga kn)",
      "Färjestaden Möllstorp (Mörbylånga kn)",
      "Tallhagen (Kalmar kn)",
      "Kalmar Chokladfabriken",
      "Kalmar Malmen",
      "Tullslätten (Kalmar kn)",
      "Kalmar Centralstation",
      "Nybro station",
      "Emmaboda station",
      "Lessebo station",
      "Hovmantorp station (Lessebo kn)",
      "Växjö station",
      "Alvesta station",
      "Nässjö Centralstation",
      "Mjölby station",
      "Linköping Centralstation",
      "Norrköping Centralstation",
      "Stockholm Södra station",
      "Årstaberg station (Stockholm kn)",
      "Älvsjö station (Stockholm kn)",
      "Turingevägen (Stockholm kn)",
    ],
  },
  Object {
    "start": Object {
      "date": "2019-08-05",
      "time": "05:02:00",
    },
    "stops": Array [
      "Hedvigsborg (Mörbylånga kn)",
      "Resmo vsk (Mörbylånga kn)",
      "Kleva (Mörbylånga kn)",
      "Lilla Frö (Mörbylånga kn)",
      "Stora Frö (Mörbylånga kn)",
      "Haga park (Mörbylånga kn)",
      "Vickleby vsk (Mörbylånga kn)",
      "Karlevi vsk (Mörbylånga kn)",
      "Eriksöre camping (Mörbylånga kn)",
      "Runsbäck (Mörbylånga kn)",
      "Färjestaden Byggmästargatan (Mörbylånga kn)",
      "Södra Hamnplan (Mörbylånga kn)",
      "Färjestaden Ölands Köpstad (Mörbylånga kn)",
      "Snäckstrand södra (Mörbylånga kn)",
      "Snäckstrand norra (Mörbylånga kn)",
      "Färjestaden Möllstorp (Mörbylånga kn)",
      "Tallhagen (Kalmar kn)",
      "Kalmar Chokladfabriken",
      "Kalmar Malmen",
      "Tullslätten (Kalmar kn)",
      "Kalmar Centralstation",
      "Mönsterås norra",
      "Oskarshamn station",
      "Fårbo E22 (Oskarshamn kn)",
      "Misterhult vägskäl E22 (Oskarshamn kn)",
      "Blankaholm E22 (Västervik kn)",
      "Verkebäcksbron (Västervik kn)",
      "Västervik station",
      "Gamleby Flisvägen (Västervik kn)",
      "Valdemarsvik E22",
      "Söderköping busstation",
      "Norrköping busstation",
      "Nyköping busstation",
      "Stockholm Cityterminalen",
      "Stockholm Södra station",
      "Årstaberg station (Stockholm kn)",
      "Älvsjö station (Stockholm kn)",
    ],
  },
  Object {
    "start": Object {
      "date": "2019-08-05",
      "time": "05:02:00",
    },
    "stops": Array [
      "Hedvigsborg (Mörbylånga kn)",
      "Resmo vsk (Mörbylånga kn)",
      "Kleva (Mörbylånga kn)",
      "Lilla Frö (Mörbylånga kn)",
      "Stora Frö (Mörbylånga kn)",
      "Haga park (Mörbylånga kn)",
      "Vickleby vsk (Mörbylånga kn)",
      "Karlevi vsk (Mörbylånga kn)",
      "Eriksöre camping (Mörbylånga kn)",
      "Runsbäck (Mörbylånga kn)",
      "Färjestaden Byggmästargatan (Mörbylånga kn)",
      "Södra Hamnplan (Mörbylånga kn)",
      "Färjestaden Ölands Köpstad (Mörbylånga kn)",
      "Snäckstrand södra (Mörbylånga kn)",
      "Snäckstrand norra (Mörbylånga kn)",
      "Färjestaden Möllstorp (Mörbylånga kn)",
      "Tallhagen (Kalmar kn)",
      "Kalmar Chokladfabriken",
      "Kalmar Malmen",
      "Tullslätten (Kalmar kn)",
      "Kalmar Centralstation",
      "Mönsterås norra",
      "Oskarshamn station",
      "Fårbo E22 (Oskarshamn kn)",
      "Misterhult vägskäl E22 (Oskarshamn kn)",
      "Blankaholm E22 (Västervik kn)",
      "Verkebäcksbron (Västervik kn)",
      "Västervik station",
      "Gamleby Flisvägen (Västervik kn)",
      "Valdemarsvik E22",
      "Söderköping busstation",
      "Norrköping busstation",
      "Nyköping busstation",
      "Stockholm Cityterminalen",
      "Stockholm Södra station",
      "Årstaberg station (Stockholm kn)",
      "Älvsjö station (Stockholm kn)",
      "Turingevägen (Stockholm kn)",
    ],
  },
  Object {
    "start": Object {
      "date": "2019-08-05",
      "time": "06:47:00",
    },
    "stops": Array [
      "Mörbylånga kyrka",
      "Bengtstorp (Mörbylånga kn)",
      "Mysinge (Mörbylånga kn)",
      "Resmo (Mörbylånga kn)",
      "Lilla Vickleby (Mörbylånga kn)",
      "Vickleby Kyrka (Mörbylånga kn)",
      "Vickleby norra (Mörbylånga kn)",
      "Karlevi södra (Mörbylånga kn)",
      "Karlevi Norra (Mörbylånga kn)",
      "Eriksöre södra (Mörbylånga kn)",
      "Eriksöre norra (Mörbylånga kn)",
      "Kråketorp vsk (Mörbylånga kn)",
      "Ölands Folkhögskola (Mörbylånga kn)",
      "Skogsby centrum (Mörbylånga kn)",
      "Skogsbygården (Mörbylånga kn)",
      "Torslunda Torslundaskolan (Mörbylånga kn)",
      "Arontorp (Mörbylånga kn)",
      "Kvarnarna (Mörbylånga kn)",
      "Björnhovda (Mörbylånga kn)",
      "Möllstorpsgatan (Mörbylånga kn)",
      "Färjestaden centrum (Mörbylånga kn)",
      "Färjestaden Ölands Köpstad (Mörbylånga kn)",
      "Snäckstrand södra (Mörbylånga kn)",
      "Snäckstrand norra (Mörbylånga kn)",
      "Färjestaden Möllstorp (Mörbylånga kn)",
      "Färjestaden Ölands Djurpark (Mörbylånga kn)",
      "Björkedal (Mörbylånga kn)",
      "Saxnäs Camping (Mörbylånga kn)",
      "Saxnäs (Mörbylånga kn)",
      "Saxnäs golfbana (Mörbylånga kn)",
      "Saxängsvägen (Mörbylånga kn)",
      "Aledal (Mörbylånga kn)",
      "Röhällavägen (Mörbylånga kn)",
      "Sandens väg (Mörbylånga kn)",
      "Pingärdsvägen (Mörbylånga kn)",
      "Glömminge (Mörbylånga kn)",
      "Färjestaden Brofästet Öland (Mörbylånga kn)",
      "Kalmar E22 Rasta",
      "Mönsterås E22 Bilisten",
      "Ringarum Värdshus E22 (Valdemarsvik kn)",
      "Stockholm Cityterminalen",
      "Stockholm Södra station",
      "Årstaberg station (Stockholm kn)",
      "Älvsjö station (Stockholm kn)",
    ],
  },
  Object {
    "start": Object {
      "date": "2019-08-05",
      "time": "06:47:00",
    },
    "stops": Array [
      "Mörbylånga kyrka",
      "Bengtstorp (Mörbylånga kn)",
      "Mysinge (Mörbylånga kn)",
      "Resmo (Mörbylånga kn)",
      "Lilla Vickleby (Mörbylånga kn)",
      "Vickleby Kyrka (Mörbylånga kn)",
      "Vickleby norra (Mörbylånga kn)",
      "Karlevi södra (Mörbylånga kn)",
      "Karlevi Norra (Mörbylånga kn)",
      "Eriksöre södra (Mörbylånga kn)",
      "Eriksöre norra (Mörbylånga kn)",
      "Kråketorp vsk (Mörbylånga kn)",
      "Ölands Folkhögskola (Mörbylånga kn)",
      "Skogsby centrum (Mörbylånga kn)",
      "Skogsbygården (Mörbylånga kn)",
      "Torslunda Torslundaskolan (Mörbylånga kn)",
      "Arontorp (Mörbylånga kn)",
      "Kvarnarna (Mörbylånga kn)",
      "Björnhovda (Mörbylånga kn)",
      "Möllstorpsgatan (Mörbylånga kn)",
      "Färjestaden centrum (Mörbylånga kn)",
      "Färjestaden Ölands Köpstad (Mörbylånga kn)",
      "Snäckstrand södra (Mörbylånga kn)",
      "Snäckstrand norra (Mörbylånga kn)",
      "Färjestaden Möllstorp (Mörbylånga kn)",
      "Färjestaden Ölands Djurpark (Mörbylånga kn)",
      "Björkedal (Mörbylånga kn)",
      "Saxnäs Camping (Mörbylånga kn)",
      "Saxnäs (Mörbylånga kn)",
      "Saxnäs golfbana (Mörbylånga kn)",
      "Saxängsvägen (Mörbylånga kn)",
      "Aledal (Mörbylånga kn)",
      "Röhällavägen (Mörbylånga kn)",
      "Sandens väg (Mörbylånga kn)",
      "Pingärdsvägen (Mörbylånga kn)",
      "Glömminge (Mörbylånga kn)",
      "Färjestaden Brofästet Öland (Mörbylånga kn)",
      "Kalmar E22 Rasta",
      "Mönsterås E22 Bilisten",
      "Ringarum Värdshus E22 (Valdemarsvik kn)",
      "Stockholm Cityterminalen",
      "Stockholm Södra station",
      "Årstaberg station (Stockholm kn)",
      "Älvsjö station (Stockholm kn)",
      "Turingevägen (Stockholm kn)",
    ],
  },
  Object {
    "start": Object {
      "date": "2019-08-05",
      "time": "06:48:00",
    },
    "stops": Array [
      "Bredinge (Mörbylånga kn)",
      "Rösslösa (Mörbylånga kn)",
      "Södra Bårby (Mörbylånga kn)",
      "Mörbylånga kyrka",
      "Mörbylånga Trollet",
      "Hedvigsborg (Mörbylånga kn)",
      "Resmo vsk (Mörbylånga kn)",
      "Kleva (Mörbylånga kn)",
      "Lilla Frö (Mörbylånga kn)",
      "Stora Frö (Mörbylånga kn)",
      "Haga park (Mörbylånga kn)",
      "Vickleby vsk (Mörbylånga kn)",
      "Karlevi vsk (Mörbylånga kn)",
      "Eriksöre camping (Mörbylånga kn)",
      "Runsbäck (Mörbylånga kn)",
      "Färjestaden Byggmästargatan (Mörbylånga kn)",
      "Södra Hamnplan (Mörbylånga kn)",
      "Färjestaden Ölands Köpstad (Mörbylånga kn)",
      "Snäckstrand södra (Mörbylånga kn)",
      "Snäckstrand norra (Mörbylånga kn)",
      "Färjestaden Möllstorp (Mörbylånga kn)",
      "Tallhagen (Kalmar kn)",
      "Kalmar Chokladfabriken",
      "Kalmar Malmen",
      "Tullslätten (Kalmar kn)",
      "Kalmar Centralstation",
      "Nybro station",
      "Emmaboda station",
      "Lessebo station",
      "Hovmantorp station (Lessebo kn)",
      "Växjö station",
      "Alvesta station",
      "Nässjö Centralstation",
      "Mjölby station",
      "Linköping Centralstation",
      "Norrköping Centralstation",
      "Stockholm Södra station",
      "Årstaberg station (Stockholm kn)",
      "Älvsjö station (Stockholm kn)",
    ],
  },
  Object {
    "start": Object {
      "date": "2019-08-05",
      "time": "06:48:00",
    },
    "stops": Array [
      "Bredinge (Mörbylånga kn)",
      "Rösslösa (Mörbylånga kn)",
      "Södra Bårby (Mörbylånga kn)",
      "Mörbylånga kyrka",
      "Mörbylånga Trollet",
      "Hedvigsborg (Mörbylånga kn)",
      "Resmo vsk (Mörbylånga kn)",
      "Kleva (Mörbylånga kn)",
      "Lilla Frö (Mörbylånga kn)",
      "Stora Frö (Mörbylånga kn)",
      "Haga park (Mörbylånga kn)",
      "Vickleby vsk (Mörbylånga kn)",
      "Karlevi vsk (Mörbylånga kn)",
      "Eriksöre camping (Mörbylånga kn)",
      "Runsbäck (Mörbylånga kn)",
      "Färjestaden Byggmästargatan (Mörbylånga kn)",
      "Södra Hamnplan (Mörbylånga kn)",
      "Färjestaden Ölands Köpstad (Mörbylånga kn)",
      "Snäckstrand södra (Mörbylånga kn)",
      "Snäckstrand norra (Mörbylånga kn)",
      "Färjestaden Möllstorp (Mörbylånga kn)",
      "Tallhagen (Kalmar kn)",
      "Kalmar Chokladfabriken",
      "Kalmar Malmen",
      "Tullslätten (Kalmar kn)",
      "Kalmar Centralstation",
      "Nybro station",
      "Emmaboda station",
      "Lessebo station",
      "Hovmantorp station (Lessebo kn)",
      "Växjö station",
      "Alvesta station",
      "Nässjö Centralstation",
      "Mjölby station",
      "Linköping Centralstation",
      "Norrköping Centralstation",
      "Stockholm Södra station",
      "Årstaberg station (Stockholm kn)",
      "Älvsjö station (Stockholm kn)",
      "Turingevägen (Stockholm kn)",
    ],
  },
  Object {
    "start": Object {
      "date": "2019-08-05",
      "time": "07:51:00",
    },
    "stops": Array [
      "Bredinge (Mörbylånga kn)",
      "Rösslösa (Mörbylånga kn)",
      "Södra Bårby (Mörbylånga kn)",
      "Mörbylånga kyrka",
      "Mörbylånga Trollet",
      "Hedvigsborg (Mörbylånga kn)",
      "Resmo vsk (Mörbylånga kn)",
      "Kleva (Mörbylånga kn)",
      "Lilla Frö (Mörbylånga kn)",
      "Stora Frö (Mörbylånga kn)",
      "Haga park (Mörbylånga kn)",
      "Vickleby vsk (Mörbylånga kn)",
      "Karlevi vsk (Mörbylånga kn)",
      "Eriksöre camping (Mörbylånga kn)",
      "Runsbäck (Mörbylånga kn)",
      "Färjestaden Byggmästargatan (Mörbylånga kn)",
      "Södra Hamnplan (Mörbylånga kn)",
      "Färjestaden Ölands Köpstad (Mörbylånga kn)",
      "Snäckstrand södra (Mörbylånga kn)",
      "Snäckstrand norra (Mörbylånga kn)",
      "Färjestaden Möllstorp (Mörbylånga kn)",
      "Tallhagen (Kalmar kn)",
      "Kalmar Chokladfabriken",
      "Kalmar Malmen",
      "Tullslätten (Kalmar kn)",
      "Kalmar Centralstation",
      "Nybro station",
      "Emmaboda station",
      "Lessebo station",
      "Hovmantorp station (Lessebo kn)",
      "Växjö station",
      "Alvesta station",
      "Nässjö Centralstation",
      "Linköping Centralstation",
      "Norrköping Centralstation",
      "Södertälje hamn station",
      "Östertälje station (Södertälje kn)",
      "Rönninge station (Salem kn)",
      "Tumba station (Botkyrka kn)",
      "Tullinge station (Botkyrka kn)",
      "Flemingsberg station (Huddinge kn)",
      "Huddinge station",
      "Stuvsta station (Huddinge kn)",
      "Älvsjö station (Stockholm kn)",
    ],
  },
  Object {
    "start": Object {
      "date": "2019-08-05",
      "time": "07:51:00",
    },
    "stops": Array [
      "Bredinge (Mörbylånga kn)",
      "Rösslösa (Mörbylånga kn)",
      "Södra Bårby (Mörbylånga kn)",
      "Mörbylånga kyrka",
      "Mörbylånga Trollet",
      "Hedvigsborg (Mörbylånga kn)",
      "Resmo vsk (Mörbylånga kn)",
      "Kleva (Mörbylånga kn)",
      "Lilla Frö (Mörbylånga kn)",
      "Stora Frö (Mörbylånga kn)",
      "Haga park (Mörbylånga kn)",
      "Vickleby vsk (Mörbylånga kn)",
      "Karlevi vsk (Mörbylånga kn)",
      "Eriksöre camping (Mörbylånga kn)",
      "Runsbäck (Mörbylånga kn)",
      "Färjestaden Byggmästargatan (Mörbylånga kn)",
      "Södra Hamnplan (Mörbylånga kn)",
      "Färjestaden Ölands Köpstad (Mörbylånga kn)",
      "Snäckstrand södra (Mörbylånga kn)",
      "Snäckstrand norra (Mörbylånga kn)",
      "Färjestaden Möllstorp (Mörbylånga kn)",
      "Tallhagen (Kalmar kn)",
      "Kalmar Chokladfabriken",
      "Kalmar Malmen",
      "Tullslätten (Kalmar kn)",
      "Kalmar Centralstation",
      "Nybro station",
      "Emmaboda station",
      "Lessebo station",
      "Hovmantorp station (Lessebo kn)",
      "Växjö station",
      "Alvesta station",
      "Nässjö Centralstation",
      "Linköping Centralstation",
      "Norrköping Centralstation",
      "Södertälje hamn station",
      "Östertälje station (Södertälje kn)",
      "Rönninge station (Salem kn)",
      "Tumba station (Botkyrka kn)",
      "Tullinge station (Botkyrka kn)",
      "Flemingsberg station (Huddinge kn)",
      "Huddinge station",
      "Stuvsta station (Huddinge kn)",
      "Älvsjö station (Stockholm kn)",
      "Turingevägen (Stockholm kn)",
    ],
  },
  Object {
    "start": Object {
      "date": "2019-08-05",
      "time": "07:51:00",
    },
    "stops": Array [
      "Bredinge (Mörbylånga kn)",
      "Rösslösa (Mörbylånga kn)",
      "Södra Bårby (Mörbylånga kn)",
      "Mörbylånga kyrka",
      "Mörbylånga Trollet",
      "Hedvigsborg (Mörbylånga kn)",
      "Resmo vsk (Mörbylånga kn)",
      "Kleva (Mörbylånga kn)",
      "Lilla Frö (Mörbylånga kn)",
      "Stora Frö (Mörbylånga kn)",
      "Haga park (Mörbylånga kn)",
      "Vickleby vsk (Mörbylånga kn)",
      "Karlevi vsk (Mörbylånga kn)",
      "Eriksöre camping (Mörbylånga kn)",
      "Runsbäck (Mörbylånga kn)",
      "Färjestaden Byggmästargatan (Mörbylånga kn)",
      "Södra Hamnplan (Mörbylånga kn)",
      "Färjestaden Ölands Köpstad (Mörbylånga kn)",
      "Snäckstrand södra (Mörbylånga kn)",
      "Snäckstrand norra (Mörbylånga kn)",
      "Färjestaden Möllstorp (Mörbylånga kn)",
      "Tallhagen (Kalmar kn)",
      "Kalmar Chokladfabriken",
      "Kalmar Malmen",
      "Tullslätten (Kalmar kn)",
      "Kalmar Centralstation",
      "Mönsterås norra",
      "Oskarshamn station",
      "Fårbo E22 (Oskarshamn kn)",
      "Misterhult vägskäl E22 (Oskarshamn kn)",
      "Blankaholm E22 (Västervik kn)",
      "Verkebäcksbron (Västervik kn)",
      "Västervik station",
      "Gamleby Flisvägen (Västervik kn)",
      "Valdemarsvik E22",
      "Söderköping busstation",
      "Norrköping busstation",
      "Nyköping busstation",
      "Stockholm Cityterminalen",
      "Stockholm Södra station",
      "Årstaberg station (Stockholm kn)",
      "Älvsjö station (Stockholm kn)",
    ],
  },
  Object {
    "start": Object {
      "date": "2019-08-05",
      "time": "07:51:00",
    },
    "stops": Array [
      "Bredinge (Mörbylånga kn)",
      "Rösslösa (Mörbylånga kn)",
      "Södra Bårby (Mörbylånga kn)",
      "Mörbylånga kyrka",
      "Mörbylånga Trollet",
      "Hedvigsborg (Mörbylånga kn)",
      "Resmo vsk (Mörbylånga kn)",
      "Kleva (Mörbylånga kn)",
      "Lilla Frö (Mörbylånga kn)",
      "Stora Frö (Mörbylånga kn)",
      "Haga park (Mörbylånga kn)",
      "Vickleby vsk (Mörbylånga kn)",
      "Karlevi vsk (Mörbylånga kn)",
      "Eriksöre camping (Mörbylånga kn)",
      "Runsbäck (Mörbylånga kn)",
      "Färjestaden Byggmästargatan (Mörbylånga kn)",
      "Södra Hamnplan (Mörbylånga kn)",
      "Färjestaden Ölands Köpstad (Mörbylånga kn)",
      "Snäckstrand södra (Mörbylånga kn)",
      "Snäckstrand norra (Mörbylånga kn)",
      "Färjestaden Möllstorp (Mörbylånga kn)",
      "Tallhagen (Kalmar kn)",
      "Kalmar Chokladfabriken",
      "Kalmar Malmen",
      "Tullslätten (Kalmar kn)",
      "Kalmar Centralstation",
      "Mönsterås norra",
      "Oskarshamn station",
      "Fårbo E22 (Oskarshamn kn)",
      "Misterhult vägskäl E22 (Oskarshamn kn)",
      "Blankaholm E22 (Västervik kn)",
      "Verkebäcksbron (Västervik kn)",
      "Västervik station",
      "Gamleby Flisvägen (Västervik kn)",
      "Valdemarsvik E22",
      "Söderköping busstation",
      "Norrköping busstation",
      "Nyköping busstation",
      "Stockholm Cityterminalen",
      "Stockholm Södra station",
      "Årstaberg station (Stockholm kn)",
      "Älvsjö station (Stockholm kn)",
      "Turingevägen (Stockholm kn)",
    ],
  },
  Object {
    "start": Object {
      "date": "2019-08-05",
      "time": "08:44:00",
    },
    "stops": Array [
      "Bredinge (Mörbylånga kn)",
      "Rösslösa (Mörbylånga kn)",
      "Södra Bårby (Mörbylånga kn)",
      "Mörbylånga kyrka",
      "Mörbylånga Trollet",
      "Hedvigsborg (Mörbylånga kn)",
      "Resmo vsk (Mörbylånga kn)",
      "Kleva (Mörbylånga kn)",
      "Lilla Frö (Mörbylånga kn)",
      "Stora Frö (Mörbylånga kn)",
      "Haga park (Mörbylånga kn)",
      "Vickleby vsk (Mörbylånga kn)",
      "Karlevi vsk (Mörbylånga kn)",
      "Eriksöre camping (Mörbylånga kn)",
      "Runsbäck (Mörbylånga kn)",
      "Färjestaden Byggmästargatan (Mörbylånga kn)",
      "Södra Hamnplan (Mörbylånga kn)",
      "Färjestaden Ölands Köpstad (Mörbylånga kn)",
      "Snäckstrand södra (Mörbylånga kn)",
      "Snäckstrand norra (Mörbylånga kn)",
      "Färjestaden Möllstorp (Mörbylånga kn)",
      "Tallhagen (Kalmar kn)",
      "Kalmar Chokladfabriken",
      "Kalmar Malmen",
      "Tullslätten (Kalmar kn)",
      "Kalmar Centralstation",
      "Nybro station",
      "Emmaboda station",
      "Lessebo station",
      "Hovmantorp station (Lessebo kn)",
      "Växjö station",
      "Alvesta station",
      "Nässjö Centralstation",
      "Mjölby station",
      "Linköping Centralstation",
      "Norrköping Centralstation",
      "Stockholm Södra station",
      "Årstaberg station (Stockholm kn)",
      "Älvsjö station (Stockholm kn)",
    ],
  },
  Object {
    "start": Object {
      "date": "2019-08-05",
      "time": "08:44:00",
    },
    "stops": Array [
      "Bredinge (Mörbylånga kn)",
      "Rösslösa (Mörbylånga kn)",
      "Södra Bårby (Mörbylånga kn)",
      "Mörbylånga kyrka",
      "Mörbylånga Trollet",
      "Hedvigsborg (Mörbylånga kn)",
      "Resmo vsk (Mörbylånga kn)",
      "Kleva (Mörbylånga kn)",
      "Lilla Frö (Mörbylånga kn)",
      "Stora Frö (Mörbylånga kn)",
      "Haga park (Mörbylånga kn)",
      "Vickleby vsk (Mörbylånga kn)",
      "Karlevi vsk (Mörbylånga kn)",
      "Eriksöre camping (Mörbylånga kn)",
      "Runsbäck (Mörbylånga kn)",
      "Färjestaden Byggmästargatan (Mörbylånga kn)",
      "Södra Hamnplan (Mörbylånga kn)",
      "Färjestaden Ölands Köpstad (Mörbylånga kn)",
      "Snäckstrand södra (Mörbylånga kn)",
      "Snäckstrand norra (Mörbylånga kn)",
      "Färjestaden Möllstorp (Mörbylånga kn)",
      "Tallhagen (Kalmar kn)",
      "Kalmar Chokladfabriken",
      "Kalmar Malmen",
      "Tullslätten (Kalmar kn)",
      "Kalmar Centralstation",
      "Nybro station",
      "Emmaboda station",
      "Lessebo station",
      "Hovmantorp station (Lessebo kn)",
      "Växjö station",
      "Alvesta station",
      "Nässjö Centralstation",
      "Mjölby station",
      "Linköping Centralstation",
      "Norrköping Centralstation",
      "Stockholm Södra station",
      "Årstaberg station (Stockholm kn)",
      "Älvsjö station (Stockholm kn)",
      "Turingevägen (Stockholm kn)",
    ],
  },
  Object {
    "start": Object {
      "date": "2019-08-05",
      "time": "09:32:00",
    },
    "stops": Array [
      "Hedvigsborg (Mörbylånga kn)",
      "Resmo vsk (Mörbylånga kn)",
      "Kleva (Mörbylånga kn)",
      "Lilla Frö (Mörbylånga kn)",
      "Stora Frö (Mörbylånga kn)",
      "Haga park (Mörbylånga kn)",
      "Vickleby vsk (Mörbylånga kn)",
      "Karlevi vsk (Mörbylånga kn)",
      "Eriksöre camping (Mörbylånga kn)",
      "Runsbäck (Mörbylånga kn)",
      "Färjestaden Byggmästargatan (Mörbylånga kn)",
      "Södra Hamnplan (Mörbylånga kn)",
      "Färjestaden Ölands Köpstad (Mörbylånga kn)",
      "Snäckstrand södra (Mörbylånga kn)",
      "Snäckstrand norra (Mörbylånga kn)",
      "Färjestaden Möllstorp (Mörbylånga kn)",
      "Tallhagen (Kalmar kn)",
      "Kalmar Chokladfabriken",
      "Kalmar Malmen",
      "Tullslätten (Kalmar kn)",
      "Kalmar Centralstation",
      "Blomstermåla station (Mönsterås kn)",
      "Högsby station",
      "Berga station (Högsby kn)",
      "Hultsfred station",
      "Vimmerby station",
      "Astrid Lindgrens Värld station (Vimmerby kn)",
      "Kisa station (Kinda kn)",
      "Rimforsa station (Kinda kn)",
      "Linköping Centralstation",
      "Stockholm Cityterminalen",
      "Stockholm Södra station",
      "Årstaberg station (Stockholm kn)",
      "Älvsjö station (Stockholm kn)",
    ],
  },
  Object {
    "start": Object {
      "date": "2019-08-05",
      "time": "09:32:00",
    },
    "stops": Array [
      "Hedvigsborg (Mörbylånga kn)",
      "Resmo vsk (Mörbylånga kn)",
      "Kleva (Mörbylånga kn)",
      "Lilla Frö (Mörbylånga kn)",
      "Stora Frö (Mörbylånga kn)",
      "Haga park (Mörbylånga kn)",
      "Vickleby vsk (Mörbylånga kn)",
      "Karlevi vsk (Mörbylånga kn)",
      "Eriksöre camping (Mörbylånga kn)",
      "Runsbäck (Mörbylånga kn)",
      "Färjestaden Byggmästargatan (Mörbylånga kn)",
      "Södra Hamnplan (Mörbylånga kn)",
      "Färjestaden Ölands Köpstad (Mörbylånga kn)",
      "Snäckstrand södra (Mörbylånga kn)",
      "Snäckstrand norra (Mörbylånga kn)",
      "Färjestaden Möllstorp (Mörbylånga kn)",
      "Tallhagen (Kalmar kn)",
      "Kalmar Chokladfabriken",
      "Kalmar Malmen",
      "Tullslätten (Kalmar kn)",
      "Kalmar Centralstation",
      "Blomstermåla station (Mönsterås kn)",
      "Högsby station",
      "Berga station (Högsby kn)",
      "Hultsfred station",
      "Vimmerby station",
      "Astrid Lindgrens Värld station (Vimmerby kn)",
      "Kisa station (Kinda kn)",
      "Rimforsa station (Kinda kn)",
      "Linköping Centralstation",
      "Stockholm Cityterminalen",
      "Stockholm Södra station",
      "Årstaberg station (Stockholm kn)",
      "Älvsjö station (Stockholm kn)",
      "Turingevägen (Stockholm kn)",
    ],
  },
  Object {
    "start": Object {
      "date": "2019-08-05",
      "time": "10:02:00",
    },
    "stops": Array [
      "Hedvigsborg (Mörbylånga kn)",
      "Resmo vsk (Mörbylånga kn)",
      "Kleva (Mörbylånga kn)",
      "Lilla Frö (Mörbylånga kn)",
      "Stora Frö (Mörbylånga kn)",
      "Haga park (Mörbylånga kn)",
      "Vickleby vsk (Mörbylånga kn)",
      "Karlevi vsk (Mörbylånga kn)",
      "Eriksöre camping (Mörbylånga kn)",
      "Runsbäck (Mörbylånga kn)",
      "Färjestaden Byggmästargatan (Mörbylånga kn)",
      "Södra Hamnplan (Mörbylånga kn)",
      "Färjestaden Ölands Köpstad (Mörbylånga kn)",
      "Snäckstrand södra (Mörbylånga kn)",
      "Snäckstrand norra (Mörbylånga kn)",
      "Färjestaden Möllstorp (Mörbylånga kn)",
      "Tallhagen (Kalmar kn)",
      "Kalmar Chokladfabriken",
      "Kalmar Malmen",
      "Tullslätten (Kalmar kn)",
      "Kalmar Centralstation",
      "Nybro station",
      "Emmaboda station",
      "Lessebo station",
      "Hovmantorp station (Lessebo kn)",
      "Växjö station",
      "Alvesta station",
      "Nässjö Centralstation",
      "Linköping Centralstation",
      "Norrköping Centralstation",
      "Södertälje Syd station",
      "Stockholm Södra station",
      "Årstaberg station (Stockholm kn)",
      "Älvsjö station (Stockholm kn)",
    ],
  },
  Object {
    "start": Object {
      "date": "2019-08-05",
      "time": "10:02:00",
    },
    "stops": Array [
      "Hedvigsborg (Mörbylånga kn)",
      "Resmo vsk (Mörbylånga kn)",
      "Kleva (Mörbylånga kn)",
      "Lilla Frö (Mörbylånga kn)",
      "Stora Frö (Mörbylånga kn)",
      "Haga park (Mörbylånga kn)",
      "Vickleby vsk (Mörbylånga kn)",
      "Karlevi vsk (Mörbylånga kn)",
      "Eriksöre camping (Mörbylånga kn)",
      "Runsbäck (Mörbylånga kn)",
      "Färjestaden Byggmästargatan (Mörbylånga kn)",
      "Södra Hamnplan (Mörbylånga kn)",
      "Färjestaden Ölands Köpstad (Mörbylånga kn)",
      "Snäckstrand södra (Mörbylånga kn)",
      "Snäckstrand norra (Mörbylånga kn)",
      "Färjestaden Möllstorp (Mörbylånga kn)",
      "Tallhagen (Kalmar kn)",
      "Kalmar Chokladfabriken",
      "Kalmar Malmen",
      "Tullslätten (Kalmar kn)",
      "Kalmar Centralstation",
      "Nybro station",
      "Emmaboda station",
      "Lessebo station",
      "Hovmantorp station (Lessebo kn)",
      "Växjö station",
      "Alvesta station",
      "Nässjö Centralstation",
      "Linköping Centralstation",
      "Norrköping Centralstation",
      "Södertälje Syd station",
      "Stockholm Södra station",
      "Årstaberg station (Stockholm kn)",
      "Älvsjö station (Stockholm kn)",
      "Turingevägen (Stockholm kn)",
    ],
  },
  Object {
    "start": Object {
      "date": "2019-08-05",
      "time": "10:02:00",
    },
    "stops": Array [
      "Hedvigsborg (Mörbylånga kn)",
      "Resmo vsk (Mörbylånga kn)",
      "Kleva (Mörbylånga kn)",
      "Lilla Frö (Mörbylånga kn)",
      "Stora Frö (Mörbylånga kn)",
      "Haga park (Mörbylånga kn)",
      "Vickleby vsk (Mörbylånga kn)",
      "Karlevi vsk (Mörbylånga kn)",
      "Eriksöre camping (Mörbylånga kn)",
      "Runsbäck (Mörbylånga kn)",
      "Färjestaden Byggmästargatan (Mörbylånga kn)",
      "Södra Hamnplan (Mörbylånga kn)",
      "Färjestaden Ölands Köpstad (Mörbylånga kn)",
      "Snäckstrand södra (Mörbylånga kn)",
      "Snäckstrand norra (Mörbylånga kn)",
      "Färjestaden Möllstorp (Mörbylånga kn)",
      "Tallhagen (Kalmar kn)",
      "Kalmar Chokladfabriken",
      "Kalmar Malmen",
      "Tullslätten (Kalmar kn)",
      "Kalmar Centralstation",
      "Nybro station",
      "Emmaboda station",
      "Lessebo station",
      "Hovmantorp station (Lessebo kn)",
      "Växjö station",
      "Alvesta station",
      "Nässjö Centralstation",
      "Linköping Centralstation",
      "Norrköping Centralstation",
      "Södertälje hamn station",
      "Östertälje station (Södertälje kn)",
      "Rönninge station (Salem kn)",
      "Tumba station (Botkyrka kn)",
      "Tullinge station (Botkyrka kn)",
      "Flemingsberg station (Huddinge kn)",
      "Huddinge station",
      "Stuvsta station (Huddinge kn)",
      "Älvsjö station (Stockholm kn)",
    ],
  },
  Object {
    "start": Object {
      "date": "2019-08-05",
      "time": "10:02:00",
    },
    "stops": Array [
      "Hedvigsborg (Mörbylånga kn)",
      "Resmo vsk (Mörbylånga kn)",
      "Kleva (Mörbylånga kn)",
      "Lilla Frö (Mörbylånga kn)",
      "Stora Frö (Mörbylånga kn)",
      "Haga park (Mörbylånga kn)",
      "Vickleby vsk (Mörbylånga kn)",
      "Karlevi vsk (Mörbylånga kn)",
      "Eriksöre camping (Mörbylånga kn)",
      "Runsbäck (Mörbylånga kn)",
      "Färjestaden Byggmästargatan (Mörbylånga kn)",
      "Södra Hamnplan (Mörbylånga kn)",
      "Färjestaden Ölands Köpstad (Mörbylånga kn)",
      "Snäckstrand södra (Mörbylånga kn)",
      "Snäckstrand norra (Mörbylånga kn)",
      "Färjestaden Möllstorp (Mörbylånga kn)",
      "Tallhagen (Kalmar kn)",
      "Kalmar Chokladfabriken",
      "Röda Grind (Kalmar kn)",
      "Skälbyallén (Kalmar kn)",
      "Funkabo (Kalmar kn)",
      "Kalmar Berga Centrum",
      "Kalmar Skogsrået",
      "Vimpeltorpet (Kalmar kn)",
      "Kalmar Snurrom",
      "Rafshagen E22 (Kalmar kn)",
      "Rockneby E22 (Kalmar kn)",
      "Ryssbylund (Kalmar kn)",
      "Kåremo E22 (Kalmar kn)",
      "Bröttorp vsk (Kalmar kn)",
      "Haraldsmåla vsk (Mönsterås kn)",
      "Södra Bäckebo (Mönsterås kn)",
      "Ålem E22 (Mönsterås kn)",
      "Solbergavägen (Mönsterås kn)",
      "Ramsås (Mönsterås kn)",
      "Mönsterås södra",
      "Mönsterås Koverhultsvägen",
      "Älgerum (Mönsterås kn)",
      "Åshaga (Mönsterås kn)",
      "Mönsterås busstation",
      "Kyrkogården Mönsterås",
      "Mönsterås norra",
      "Forsa vsk (Mönsterås kn)",
      "Torp (Mönsterås kn)",
      "Sulfatvägen E22 Mönsterås bruk",
      "Em (Mönsterås kn)",
      "Emmekalv (Oskarshamn kn)",
      "Påskallavik E22 (Oskarshamn kn)",
      "Oskarshamn Folkets Park",
      "Oskarshamn Idrottsplatsen",
      "Oskarshamn centrum",
      "Oskarshamn Varvsgatan",
      "Oskarshamn station",
      "Fårbo E22 (Oskarshamn kn)",
      "Misterhult vägskäl E22 (Oskarshamn kn)",
      "Mörtfors E22 (Oskarshamn kn)",
      "Jenny (Västervik kn)",
      "Björnsholm (Västervik kn)",
      "Helgenäs södra vägskäl E22 (Västervik kn)",
      "Ringarum Värdshus E22 (Valdemarsvik kn)",
      "Söderköping busstation",
      "Norrköping busstation",
      "Nyköping busstation",
      "Södertälje Syd station",
      "Södertälje hamn station",
      "Östertälje station (Södertälje kn)",
      "Rönninge station (Salem kn)",
      "Tumba station (Botkyrka kn)",
      "Tullinge station (Botkyrka kn)",
      "Flemingsberg station (Huddinge kn)",
      "Huddinge station",
      "Stuvsta station (Huddinge kn)",
      "Älvsjö station (Stockholm kn)",
    ],
  },
  Object {
    "start": Object {
      "date": "2019-08-05",
      "time": "10:02:00",
    },
    "stops": Array [
      "Hedvigsborg (Mörbylånga kn)",
      "Resmo vsk (Mörbylånga kn)",
      "Kleva (Mörbylånga kn)",
      "Lilla Frö (Mörbylånga kn)",
      "Stora Frö (Mörbylånga kn)",
      "Haga park (Mörbylånga kn)",
      "Vickleby vsk (Mörbylånga kn)",
      "Karlevi vsk (Mörbylånga kn)",
      "Eriksöre camping (Mörbylånga kn)",
      "Runsbäck (Mörbylånga kn)",
      "Färjestaden Byggmästargatan (Mörbylånga kn)",
      "Södra Hamnplan (Mörbylånga kn)",
      "Färjestaden Ölands Köpstad (Mörbylånga kn)",
      "Snäckstrand södra (Mörbylånga kn)",
      "Snäckstrand norra (Mörbylånga kn)",
      "Färjestaden Möllstorp (Mörbylånga kn)",
      "Tallhagen (Kalmar kn)",
      "Kalmar Chokladfabriken",
      "Kalmar Malmen",
      "Tullslätten (Kalmar kn)",
      "Kalmar Centralstation",
      "Nybro station",
      "Emmaboda station",
      "Lessebo station",
      "Hovmantorp station (Lessebo kn)",
      "Växjö station",
      "Alvesta station",
      "Nässjö Centralstation",
      "Linköping Centralstation",
      "Norrköping Centralstation",
      "Södertälje hamn station",
      "Östertälje station (Södertälje kn)",
      "Rönninge station (Salem kn)",
      "Tumba station (Botkyrka kn)",
      "Tullinge station (Botkyrka kn)",
      "Flemingsberg station (Huddinge kn)",
      "Huddinge station",
      "Stuvsta station (Huddinge kn)",
      "Älvsjö station (Stockholm kn)",
      "Turingevägen (Stockholm kn)",
    ],
  },
  Object {
    "start": Object {
      "date": "2019-08-05",
      "time": "10:02:00",
    },
    "stops": Array [
      "Hedvigsborg (Mörbylånga kn)",
      "Resmo vsk (Mörbylånga kn)",
      "Kleva (Mörbylånga kn)",
      "Lilla Frö (Mörbylånga kn)",
      "Stora Frö (Mörbylånga kn)",
      "Haga park (Mörbylånga kn)",
      "Vickleby vsk (Mörbylånga kn)",
      "Karlevi vsk (Mörbylånga kn)",
      "Eriksöre camping (Mörbylånga kn)",
      "Runsbäck (Mörbylånga kn)",
      "Färjestaden Byggmästargatan (Mörbylånga kn)",
      "Södra Hamnplan (Mörbylånga kn)",
      "Färjestaden Ölands Köpstad (Mörbylånga kn)",
      "Snäckstrand södra (Mörbylånga kn)",
      "Snäckstrand norra (Mörbylånga kn)",
      "Färjestaden Möllstorp (Mörbylånga kn)",
      "Tallhagen (Kalmar kn)",
      "Kalmar Chokladfabriken",
      "Röda Grind (Kalmar kn)",
      "Skälbyallén (Kalmar kn)",
      "Funkabo (Kalmar kn)",
      "Kalmar Berga Centrum",
      "Kalmar Skogsrået",
      "Vimpeltorpet (Kalmar kn)",
      "Kalmar Snurrom",
      "Rafshagen E22 (Kalmar kn)",
      "Rockneby E22 (Kalmar kn)",
      "Ryssbylund (Kalmar kn)",
      "Kåremo E22 (Kalmar kn)",
      "Bröttorp vsk (Kalmar kn)",
      "Haraldsmåla vsk (Mönsterås kn)",
      "Södra Bäckebo (Mönsterås kn)",
      "Ålem E22 (Mönsterås kn)",
      "Solbergavägen (Mönsterås kn)",
      "Ramsås (Mönsterås kn)",
      "Mönsterås södra",
      "Mönsterås Koverhultsvägen",
      "Älgerum (Mönsterås kn)",
      "Åshaga (Mönsterås kn)",
      "Mönsterås busstation",
      "Kyrkogården Mönsterås",
      "Mönsterås norra",
      "Forsa vsk (Mönsterås kn)",
      "Torp (Mönsterås kn)",
      "Sulfatvägen E22 Mönsterås bruk",
      "Em (Mönsterås kn)",
      "Emmekalv (Oskarshamn kn)",
      "Påskallavik E22 (Oskarshamn kn)",
      "Oskarshamn Folkets Park",
      "Oskarshamn Idrottsplatsen",
      "Oskarshamn centrum",
      "Oskarshamn Varvsgatan",
      "Oskarshamn station",
      "Fårbo E22 (Oskarshamn kn)",
      "Misterhult vägskäl E22 (Oskarshamn kn)",
      "Mörtfors E22 (Oskarshamn kn)",
      "Jenny (Västervik kn)",
      "Björnsholm (Västervik kn)",
      "Helgenäs södra vägskäl E22 (Västervik kn)",
      "Ringarum Värdshus E22 (Valdemarsvik kn)",
      "Söderköping busstation",
      "Norrköping busstation",
      "Nyköping busstation",
      "Södertälje Syd station",
      "Södertälje hamn station",
      "Östertälje station (Södertälje kn)",
      "Rönninge station (Salem kn)",
      "Tumba station (Botkyrka kn)",
      "Tullinge station (Botkyrka kn)",
      "Flemingsberg station (Huddinge kn)",
      "Huddinge station",
      "Stuvsta station (Huddinge kn)",
      "Älvsjö station (Stockholm kn)",
      "Turingevägen (Stockholm kn)",
    ],
  },
  Object {
    "start": Object {
      "date": "2019-08-05",
      "time": "10:02:00",
    },
    "stops": Array [
      "Hedvigsborg (Mörbylånga kn)",
      "Resmo vsk (Mörbylånga kn)",
      "Kleva (Mörbylånga kn)",
      "Lilla Frö (Mörbylånga kn)",
      "Stora Frö (Mörbylånga kn)",
      "Haga park (Mörbylånga kn)",
      "Vickleby vsk (Mörbylånga kn)",
      "Karlevi vsk (Mörbylånga kn)",
      "Eriksöre camping (Mörbylånga kn)",
      "Runsbäck (Mörbylånga kn)",
      "Färjestaden Byggmästargatan (Mörbylånga kn)",
      "Södra Hamnplan (Mörbylånga kn)",
      "Färjestaden Ölands Köpstad (Mörbylånga kn)",
      "Snäckstrand södra (Mörbylånga kn)",
      "Snäckstrand norra (Mörbylånga kn)",
      "Färjestaden Möllstorp (Mörbylånga kn)",
      "Tallhagen (Kalmar kn)",
      "Kalmar Chokladfabriken",
      "Röda Grind (Kalmar kn)",
      "Skälbyallén (Kalmar kn)",
      "Funkabo (Kalmar kn)",
      "Kalmar Berga Centrum",
      "Kalmar Skogsrået",
      "Vimpeltorpet (Kalmar kn)",
      "Kalmar Snurrom",
      "Rafshagen E22 (Kalmar kn)",
      "Rockneby E22 (Kalmar kn)",
      "Ryssbylund (Kalmar kn)",
      "Kåremo E22 (Kalmar kn)",
      "Bröttorp vsk (Kalmar kn)",
      "Haraldsmåla vsk (Mönsterås kn)",
      "Södra Bäckebo (Mönsterås kn)",
      "Ålem E22 (Mönsterås kn)",
      "Solbergavägen (Mönsterås kn)",
      "Ramsås (Mönsterås kn)",
      "Mönsterås södra",
      "Mönsterås Koverhultsvägen",
      "Älgerum (Mönsterås kn)",
      "Åshaga (Mönsterås kn)",
      "Mönsterås busstation",
      "Kyrkogården Mönsterås",
      "Mönsterås norra",
      "Forsa vsk (Mönsterås kn)",
      "Torp (Mönsterås kn)",
      "Sulfatvägen E22 Mönsterås bruk",
      "Em (Mönsterås kn)",
      "Emmekalv (Oskarshamn kn)",
      "Påskallavik E22 (Oskarshamn kn)",
      "Oskarshamn Folkets Park",
      "Oskarshamn Idrottsplatsen",
      "Oskarshamn centrum",
      "Oskarshamn Varvsgatan",
      "Oskarshamn station",
      "Fårbo E22 (Oskarshamn kn)",
      "Misterhult vägskäl E22 (Oskarshamn kn)",
      "Mörtfors E22 (Oskarshamn kn)",
      "Jenny (Västervik kn)",
      "Björnsholm (Västervik kn)",
      "Helgenäs södra vägskäl E22 (Västervik kn)",
      "Ringarum Värdshus E22 (Valdemarsvik kn)",
      "Söderköping busstation",
      "Norrköping busstation",
      "Nyköping busstation",
      "Södertälje Syd station",
      "Stockholm Cityterminalen",
      "Stockholm Södra station",
      "Årstaberg station (Stockholm kn)",
      "Älvsjö station (Stockholm kn)",
      "Turingevägen (Stockholm kn)",
    ],
  },
  Object {
    "start": Object {
      "date": "2019-08-05",
      "time": "12:02:00",
    },
    "stops": Array [
      "Hedvigsborg (Mörbylånga kn)",
      "Resmo vsk (Mörbylånga kn)",
      "Kleva (Mörbylånga kn)",
      "Lilla Frö (Mörbylånga kn)",
      "Stora Frö (Mörbylånga kn)",
      "Haga park (Mörbylånga kn)",
      "Vickleby vsk (Mörbylånga kn)",
      "Karlevi vsk (Mörbylånga kn)",
      "Eriksöre camping (Mörbylånga kn)",
      "Runsbäck (Mörbylånga kn)",
      "Färjestaden Byggmästargatan (Mörbylånga kn)",
      "Södra Hamnplan (Mörbylånga kn)",
      "Färjestaden Ölands Köpstad (Mörbylånga kn)",
      "Snäckstrand södra (Mörbylånga kn)",
      "Snäckstrand norra (Mörbylånga kn)",
      "Färjestaden Möllstorp (Mörbylånga kn)",
      "Tallhagen (Kalmar kn)",
      "Kalmar Chokladfabriken",
      "Kalmar Malmen",
      "Tullslätten (Kalmar kn)",
      "Kalmar Centralstation",
      "Nybro station",
      "Emmaboda station",
      "Lessebo station",
      "Hovmantorp station (Lessebo kn)",
      "Växjö station",
      "Alvesta station",
      "Nässjö Centralstation",
      "Tranås station",
      "Linköping Centralstation",
      "Norrköping Centralstation",
      "Södertälje Syd station",
      "Stockholm Södra station",
      "Årstaberg station (Stockholm kn)",
      "Älvsjö station (Stockholm kn)",
    ],
  },
  Object {
    "start": Object {
      "date": "2019-08-05",
      "time": "12:02:00",
    },
    "stops": Array [
      "Hedvigsborg (Mörbylånga kn)",
      "Resmo vsk (Mörbylånga kn)",
      "Kleva (Mörbylånga kn)",
      "Lilla Frö (Mörbylånga kn)",
      "Stora Frö (Mörbylånga kn)",
      "Haga park (Mörbylånga kn)",
      "Vickleby vsk (Mörbylånga kn)",
      "Karlevi vsk (Mörbylånga kn)",
      "Eriksöre camping (Mörbylånga kn)",
      "Runsbäck (Mörbylånga kn)",
      "Färjestaden Byggmästargatan (Mörbylånga kn)",
      "Södra Hamnplan (Mörbylånga kn)",
      "Färjestaden Ölands Köpstad (Mörbylånga kn)",
      "Snäckstrand södra (Mörbylånga kn)",
      "Snäckstrand norra (Mörbylånga kn)",
      "Färjestaden Möllstorp (Mörbylånga kn)",
      "Tallhagen (Kalmar kn)",
      "Kalmar Chokladfabriken",
      "Kalmar Malmen",
      "Tullslätten (Kalmar kn)",
      "Kalmar Centralstation",
      "Nybro station",
      "Emmaboda station",
      "Lessebo station",
      "Hovmantorp station (Lessebo kn)",
      "Växjö station",
      "Alvesta station",
      "Nässjö Centralstation",
      "Tranås station",
      "Linköping Centralstation",
      "Norrköping Centralstation",
      "Södertälje Syd station",
      "Stockholm Södra station",
      "Årstaberg station (Stockholm kn)",
      "Älvsjö station (Stockholm kn)",
      "Turingevägen (Stockholm kn)",
    ],
  },
  Object {
    "start": Object {
      "date": "2019-08-05",
      "time": "12:49:00",
    },
    "stops": Array [
      "Bredinge (Mörbylånga kn)",
      "Rösslösa (Mörbylånga kn)",
      "Södra Bårby (Mörbylånga kn)",
      "Mörbylånga kyrka",
      "Mörbylånga Trollet",
      "Hedvigsborg (Mörbylånga kn)",
      "Resmo vsk (Mörbylånga kn)",
      "Kleva (Mörbylånga kn)",
      "Lilla Frö (Mörbylånga kn)",
      "Stora Frö (Mörbylånga kn)",
      "Haga park (Mörbylånga kn)",
      "Vickleby vsk (Mörbylånga kn)",
      "Karlevi vsk (Mörbylånga kn)",
      "Eriksöre camping (Mörbylånga kn)",
      "Runsbäck (Mörbylånga kn)",
      "Färjestaden Byggmästargatan (Mörbylånga kn)",
      "Södra Hamnplan (Mörbylånga kn)",
      "Färjestaden Ölands Köpstad (Mörbylånga kn)",
      "Snäckstrand södra (Mörbylånga kn)",
      "Snäckstrand norra (Mörbylånga kn)",
      "Färjestaden Möllstorp (Mörbylånga kn)",
      "Tallhagen (Kalmar kn)",
      "Kalmar Chokladfabriken",
      "Kalmar Malmen",
      "Tullslätten (Kalmar kn)",
      "Kalmar Centralstation",
      "Nybro station",
      "Emmaboda station",
      "Lessebo station",
      "Hovmantorp station (Lessebo kn)",
      "Växjö station",
      "Alvesta station",
      "Nässjö Centralstation",
      "Mjölby station",
      "Linköping Centralstation",
      "Norrköping Centralstation",
      "Stockholm Södra station",
      "Årstaberg station (Stockholm kn)",
      "Älvsjö station (Stockholm kn)",
    ],
  },
  Object {
    "start": Object {
      "date": "2019-08-05",
      "time": "12:49:00",
    },
    "stops": Array [
      "Bredinge (Mörbylånga kn)",
      "Rösslösa (Mörbylånga kn)",
      "Södra Bårby (Mörbylånga kn)",
      "Mörbylånga kyrka",
      "Mörbylånga Trollet",
      "Hedvigsborg (Mörbylånga kn)",
      "Resmo vsk (Mörbylånga kn)",
      "Kleva (Mörbylånga kn)",
      "Lilla Frö (Mörbylånga kn)",
      "Stora Frö (Mörbylånga kn)",
      "Haga park (Mörbylånga kn)",
      "Vickleby vsk (Mörbylånga kn)",
      "Karlevi vsk (Mörbylånga kn)",
      "Eriksöre camping (Mörbylånga kn)",
      "Runsbäck (Mörbylånga kn)",
      "Färjestaden Byggmästargatan (Mörbylånga kn)",
      "Södra Hamnplan (Mörbylånga kn)",
      "Färjestaden Ölands Köpstad (Mörbylånga kn)",
      "Snäckstrand södra (Mörbylånga kn)",
      "Snäckstrand norra (Mörbylånga kn)",
      "Färjestaden Möllstorp (Mörbylånga kn)",
      "Tallhagen (Kalmar kn)",
      "Kalmar Chokladfabriken",
      "Kalmar Malmen",
      "Tullslätten (Kalmar kn)",
      "Kalmar Centralstation",
      "Nybro station",
      "Emmaboda station",
      "Lessebo station",
      "Hovmantorp station (Lessebo kn)",
      "Växjö station",
      "Alvesta station",
      "Nässjö Centralstation",
      "Mjölby station",
      "Linköping Centralstation",
      "Norrköping Centralstation",
      "Stockholm Södra station",
      "Årstaberg station (Stockholm kn)",
      "Älvsjö station (Stockholm kn)",
      "Turingevägen (Stockholm kn)",
    ],
  },
  Object {
    "start": Object {
      "date": "2019-08-05",
      "time": "14:02:00",
    },
    "stops": Array [
      "Hedvigsborg (Mörbylånga kn)",
      "Resmo vsk (Mörbylånga kn)",
      "Kleva (Mörbylånga kn)",
      "Lilla Frö (Mörbylånga kn)",
      "Stora Frö (Mörbylånga kn)",
      "Haga park (Mörbylånga kn)",
      "Vickleby vsk (Mörbylånga kn)",
      "Karlevi vsk (Mörbylånga kn)",
      "Eriksöre camping (Mörbylånga kn)",
      "Runsbäck (Mörbylånga kn)",
      "Färjestaden Byggmästargatan (Mörbylånga kn)",
      "Södra Hamnplan (Mörbylånga kn)",
      "Färjestaden Ölands Köpstad (Mörbylånga kn)",
      "Snäckstrand södra (Mörbylånga kn)",
      "Snäckstrand norra (Mörbylånga kn)",
      "Färjestaden Möllstorp (Mörbylånga kn)",
      "Tallhagen (Kalmar kn)",
      "Kalmar Chokladfabriken",
      "Kalmar Malmen",
      "Tullslätten (Kalmar kn)",
      "Kalmar Centralstation",
      "Nybro station",
      "Emmaboda station",
      "Lessebo station",
      "Hovmantorp station (Lessebo kn)",
      "Växjö station",
      "Alvesta station",
      "Nässjö Centralstation",
      "Linköping Centralstation",
      "Norrköping Centralstation",
      "Södertälje Syd station",
      "Stockholm Södra station",
      "Årstaberg station (Stockholm kn)",
      "Älvsjö station (Stockholm kn)",
    ],
  },
  Object {
    "start": Object {
      "date": "2019-08-05",
      "time": "14:02:00",
    },
    "stops": Array [
      "Hedvigsborg (Mörbylånga kn)",
      "Resmo vsk (Mörbylånga kn)",
      "Kleva (Mörbylånga kn)",
      "Lilla Frö (Mörbylånga kn)",
      "Stora Frö (Mörbylånga kn)",
      "Haga park (Mörbylånga kn)",
      "Vickleby vsk (Mörbylånga kn)",
      "Karlevi vsk (Mörbylånga kn)",
      "Eriksöre camping (Mörbylånga kn)",
      "Runsbäck (Mörbylånga kn)",
      "Färjestaden Byggmästargatan (Mörbylånga kn)",
      "Södra Hamnplan (Mörbylånga kn)",
      "Färjestaden Ölands Köpstad (Mörbylånga kn)",
      "Snäckstrand södra (Mörbylånga kn)",
      "Snäckstrand norra (Mörbylånga kn)",
      "Färjestaden Möllstorp (Mörbylånga kn)",
      "Tallhagen (Kalmar kn)",
      "Kalmar Chokladfabriken",
      "Kalmar Malmen",
      "Tullslätten (Kalmar kn)",
      "Kalmar Centralstation",
      "Nybro station",
      "Emmaboda station",
      "Lessebo station",
      "Hovmantorp station (Lessebo kn)",
      "Växjö station",
      "Alvesta station",
      "Nässjö Centralstation",
      "Linköping Centralstation",
      "Norrköping Centralstation",
      "Södertälje Syd station",
      "Stockholm Södra station",
      "Årstaberg station (Stockholm kn)",
      "Älvsjö station (Stockholm kn)",
      "Turingevägen (Stockholm kn)",
    ],
  },
  Object {
    "start": Object {
      "date": "2019-08-05",
      "time": "14:02:00",
    },
    "stops": Array [
      "Hedvigsborg (Mörbylånga kn)",
      "Resmo vsk (Mörbylånga kn)",
      "Kleva (Mörbylånga kn)",
      "Lilla Frö (Mörbylånga kn)",
      "Stora Frö (Mörbylånga kn)",
      "Haga park (Mörbylånga kn)",
      "Vickleby vsk (Mörbylånga kn)",
      "Karlevi vsk (Mörbylånga kn)",
      "Eriksöre camping (Mörbylånga kn)",
      "Runsbäck (Mörbylånga kn)",
      "Färjestaden Byggmästargatan (Mörbylånga kn)",
      "Södra Hamnplan (Mörbylånga kn)",
      "Färjestaden Ölands Köpstad (Mörbylånga kn)",
      "Snäckstrand södra (Mörbylånga kn)",
      "Snäckstrand norra (Mörbylånga kn)",
      "Färjestaden Möllstorp (Mörbylånga kn)",
      "Tallhagen (Kalmar kn)",
      "Kalmar Chokladfabriken",
      "Kalmar Malmen",
      "Tullslätten (Kalmar kn)",
      "Kalmar Centralstation",
      "Mönsterås norra",
      "Oskarshamn station",
      "Fårbo E22 (Oskarshamn kn)",
      "Misterhult vägskäl E22 (Oskarshamn kn)",
      "Blankaholm E22 (Västervik kn)",
      "Verkebäcksbron (Västervik kn)",
      "Västervik station",
      "Gamleby Flisvägen (Västervik kn)",
      "Valdemarsvik E22",
      "Söderköping busstation",
      "Norrköping busstation",
      "Södertälje hamn station",
      "Östertälje station (Södertälje kn)",
      "Rönninge station (Salem kn)",
      "Tumba station (Botkyrka kn)",
      "Tullinge station (Botkyrka kn)",
      "Flemingsberg station (Huddinge kn)",
      "Huddinge station",
      "Stuvsta station (Huddinge kn)",
      "Älvsjö station (Stockholm kn)",
    ],
  },
  Object {
    "start": Object {
      "date": "2019-08-05",
      "time": "14:02:00",
    },
    "stops": Array [
      "Hedvigsborg (Mörbylånga kn)",
      "Resmo vsk (Mörbylånga kn)",
      "Kleva (Mörbylånga kn)",
      "Lilla Frö (Mörbylånga kn)",
      "Stora Frö (Mörbylånga kn)",
      "Haga park (Mörbylånga kn)",
      "Vickleby vsk (Mörbylånga kn)",
      "Karlevi vsk (Mörbylånga kn)",
      "Eriksöre camping (Mörbylånga kn)",
      "Runsbäck (Mörbylånga kn)",
      "Färjestaden Byggmästargatan (Mörbylånga kn)",
      "Södra Hamnplan (Mörbylånga kn)",
      "Färjestaden Ölands Köpstad (Mörbylånga kn)",
      "Snäckstrand södra (Mörbylånga kn)",
      "Snäckstrand norra (Mörbylånga kn)",
      "Färjestaden Möllstorp (Mörbylånga kn)",
      "Tallhagen (Kalmar kn)",
      "Kalmar Chokladfabriken",
      "Kalmar Malmen",
      "Tullslätten (Kalmar kn)",
      "Kalmar Centralstation",
      "Mönsterås norra",
      "Oskarshamn station",
      "Fårbo E22 (Oskarshamn kn)",
      "Misterhult vägskäl E22 (Oskarshamn kn)",
      "Blankaholm E22 (Västervik kn)",
      "Verkebäcksbron (Västervik kn)",
      "Västervik station",
      "Gamleby Flisvägen (Västervik kn)",
      "Valdemarsvik E22",
      "Söderköping busstation",
      "Norrköping busstation",
      "Södertälje hamn station",
      "Östertälje station (Södertälje kn)",
      "Rönninge station (Salem kn)",
      "Tumba station (Botkyrka kn)",
      "Tullinge station (Botkyrka kn)",
      "Flemingsberg station (Huddinge kn)",
      "Huddinge station",
      "Stuvsta station (Huddinge kn)",
      "Älvsjö station (Stockholm kn)",
      "Turingevägen (Stockholm kn)",
    ],
  },
  Object {
    "start": Object {
      "date": "2019-08-05",
      "time": "14:02:00",
    },
    "stops": Array [
      "Hedvigsborg (Mörbylånga kn)",
      "Resmo vsk (Mörbylånga kn)",
      "Kleva (Mörbylånga kn)",
      "Lilla Frö (Mörbylånga kn)",
      "Stora Frö (Mörbylånga kn)",
      "Haga park (Mörbylånga kn)",
      "Vickleby vsk (Mörbylånga kn)",
      "Karlevi vsk (Mörbylånga kn)",
      "Eriksöre camping (Mörbylånga kn)",
      "Runsbäck (Mörbylånga kn)",
      "Färjestaden Byggmästargatan (Mörbylånga kn)",
      "Södra Hamnplan (Mörbylånga kn)",
      "Färjestaden Ölands Köpstad (Mörbylånga kn)",
      "Snäckstrand södra (Mörbylånga kn)",
      "Snäckstrand norra (Mörbylånga kn)",
      "Färjestaden Möllstorp (Mörbylånga kn)",
      "Tallhagen (Kalmar kn)",
      "Kalmar Chokladfabriken",
      "Kalmar Malmen",
      "Tullslätten (Kalmar kn)",
      "Kalmar Centralstation",
      "Mönsterås norra",
      "Oskarshamn station",
      "Fårbo E22 (Oskarshamn kn)",
      "Misterhult vägskäl E22 (Oskarshamn kn)",
      "Blankaholm E22 (Västervik kn)",
      "Verkebäcksbron (Västervik kn)",
      "Västervik station",
      "Gamleby Flisvägen (Västervik kn)",
      "Valdemarsvik E22",
      "Söderköping busstation",
      "Norrköping busstation",
      "Nyköping busstation",
      "Stockholm Cityterminalen",
      "Stockholm Södra station",
      "Årstaberg station (Stockholm kn)",
      "Älvsjö station (Stockholm kn)",
    ],
  },
  Object {
    "start": Object {
      "date": "2019-08-05",
      "time": "14:02:00",
    },
    "stops": Array [
      "Hedvigsborg (Mörbylånga kn)",
      "Resmo vsk (Mörbylånga kn)",
      "Kleva (Mörbylånga kn)",
      "Lilla Frö (Mörbylånga kn)",
      "Stora Frö (Mörbylånga kn)",
      "Haga park (Mörbylånga kn)",
      "Vickleby vsk (Mörbylånga kn)",
      "Karlevi vsk (Mörbylånga kn)",
      "Eriksöre camping (Mörbylånga kn)",
      "Runsbäck (Mörbylånga kn)",
      "Färjestaden Byggmästargatan (Mörbylånga kn)",
      "Södra Hamnplan (Mörbylånga kn)",
      "Färjestaden Ölands Köpstad (Mörbylånga kn)",
      "Snäckstrand södra (Mörbylånga kn)",
      "Snäckstrand norra (Mörbylånga kn)",
      "Färjestaden Möllstorp (Mörbylånga kn)",
      "Tallhagen (Kalmar kn)",
      "Kalmar Chokladfabriken",
      "Kalmar Malmen",
      "Tullslätten (Kalmar kn)",
      "Kalmar Centralstation",
      "Mönsterås norra",
      "Oskarshamn station",
      "Fårbo E22 (Oskarshamn kn)",
      "Misterhult vägskäl E22 (Oskarshamn kn)",
      "Blankaholm E22 (Västervik kn)",
      "Verkebäcksbron (Västervik kn)",
      "Västervik station",
      "Gamleby Flisvägen (Västervik kn)",
      "Valdemarsvik E22",
      "Söderköping busstation",
      "Norrköping busstation",
      "Nyköping busstation",
      "Stockholm Cityterminalen",
      "Stockholm Södra station",
      "Årstaberg station (Stockholm kn)",
      "Älvsjö station (Stockholm kn)",
      "Turingevägen (Stockholm kn)",
    ],
  },
  Object {
    "start": Object {
      "date": "2019-08-05",
      "time": "15:32:00",
    },
    "stops": Array [
      "Hedvigsborg (Mörbylånga kn)",
      "Resmo vsk (Mörbylånga kn)",
      "Kleva (Mörbylånga kn)",
      "Lilla Frö (Mörbylånga kn)",
      "Stora Frö (Mörbylånga kn)",
      "Haga park (Mörbylånga kn)",
      "Vickleby vsk (Mörbylånga kn)",
      "Karlevi vsk (Mörbylånga kn)",
      "Eriksöre camping (Mörbylånga kn)",
      "Runsbäck (Mörbylånga kn)",
      "Färjestaden Byggmästargatan (Mörbylånga kn)",
      "Södra Hamnplan (Mörbylånga kn)",
      "Färjestaden Ölands Köpstad (Mörbylånga kn)",
      "Snäckstrand södra (Mörbylånga kn)",
      "Snäckstrand norra (Mörbylånga kn)",
      "Färjestaden Möllstorp (Mörbylånga kn)",
      "Tallhagen (Kalmar kn)",
      "Kalmar Chokladfabriken",
      "Kalmar Malmen",
      "Tullslätten (Kalmar kn)",
      "Kalmar Centralstation",
      "Blomstermåla station (Mönsterås kn)",
      "Högsby station",
      "Berga station (Högsby kn)",
      "Hultsfred station",
      "Vimmerby station",
      "Astrid Lindgrens Värld station (Vimmerby kn)",
      "Kisa station (Kinda kn)",
      "Rimforsa station (Kinda kn)",
      "Linköping Centralstation",
      "Linghem station (Linköping kn)",
      "Kimstad station (Norrköping kn)",
      "Norrköping Centralstation",
      "Kolmården station (Norrköping kn)",
      "Nyköping Centralstation",
      "Vagnhärad station (Trosa kn)",
      "Södertälje Syd station",
      "Flemingsberg station (Huddinge kn)",
      "Huddinge station",
      "Stuvsta station (Huddinge kn)",
      "Älvsjö station (Stockholm kn)",
    ],
  },
  Object {
    "start": Object {
      "date": "2019-08-05",
      "time": "15:32:00",
    },
    "stops": Array [
      "Hedvigsborg (Mörbylånga kn)",
      "Resmo vsk (Mörbylånga kn)",
      "Kleva (Mörbylånga kn)",
      "Lilla Frö (Mörbylånga kn)",
      "Stora Frö (Mörbylånga kn)",
      "Haga park (Mörbylånga kn)",
      "Vickleby vsk (Mörbylånga kn)",
      "Karlevi vsk (Mörbylånga kn)",
      "Eriksöre camping (Mörbylånga kn)",
      "Runsbäck (Mörbylånga kn)",
      "Färjestaden Byggmästargatan (Mörbylånga kn)",
      "Södra Hamnplan (Mörbylånga kn)",
      "Färjestaden Ölands Köpstad (Mörbylånga kn)",
      "Snäckstrand södra (Mörbylånga kn)",
      "Snäckstrand norra (Mörbylånga kn)",
      "Färjestaden Möllstorp (Mörbylånga kn)",
      "Tallhagen (Kalmar kn)",
      "Kalmar Chokladfabriken",
      "Kalmar Malmen",
      "Tullslätten (Kalmar kn)",
      "Kalmar Centralstation",
      "Blomstermåla station (Mönsterås kn)",
      "Högsby station",
      "Berga station (Högsby kn)",
      "Hultsfred station",
      "Vimmerby station",
      "Astrid Lindgrens Värld station (Vimmerby kn)",
      "Kisa station (Kinda kn)",
      "Rimforsa station (Kinda kn)",
      "Linköping Centralstation",
      "Linghem station (Linköping kn)",
      "Kimstad station (Norrköping kn)",
      "Norrköping Centralstation",
      "Kolmården station (Norrköping kn)",
      "Nyköping Centralstation",
      "Vagnhärad station (Trosa kn)",
      "Södertälje Syd station",
      "Flemingsberg station (Huddinge kn)",
      "Huddinge station",
      "Stuvsta station (Huddinge kn)",
      "Älvsjö station (Stockholm kn)",
      "Turingevägen (Stockholm kn)",
    ],
  },
  Object {
    "start": Object {
      "date": "2019-08-05",
      "time": "17:02:00",
    },
    "stops": Array [
      "Hedvigsborg (Mörbylånga kn)",
      "Resmo vsk (Mörbylånga kn)",
      "Kleva (Mörbylånga kn)",
      "Lilla Frö (Mörbylånga kn)",
      "Stora Frö (Mörbylånga kn)",
      "Haga park (Mörbylånga kn)",
      "Vickleby vsk (Mörbylånga kn)",
      "Karlevi vsk (Mörbylånga kn)",
      "Eriksöre camping (Mörbylånga kn)",
      "Runsbäck (Mörbylånga kn)",
      "Färjestaden Byggmästargatan (Mörbylånga kn)",
      "Södra Hamnplan (Mörbylånga kn)",
      "Färjestaden Ölands Köpstad (Mörbylånga kn)",
      "Snäckstrand södra (Mörbylånga kn)",
      "Snäckstrand norra (Mörbylånga kn)",
      "Färjestaden Möllstorp (Mörbylånga kn)",
      "Tallhagen (Kalmar kn)",
      "Kalmar Chokladfabriken",
      "Kalmar Malmen",
      "Tullslätten (Kalmar kn)",
      "Kalmar Centralstation",
      "Nybro station",
      "Emmaboda station",
      "Lessebo station",
      "Hovmantorp station (Lessebo kn)",
      "Växjö station",
      "Alvesta station",
      "Nässjö Centralstation",
      "Tranås station",
      "Linköping Centralstation",
      "Norrköping Centralstation",
      "Södertälje Syd station",
      "Stockholm Södra station",
      "Årstaberg station (Stockholm kn)",
      "Älvsjö station (Stockholm kn)",
    ],
  },
  Object {
    "start": Object {
      "date": "2019-08-05",
      "time": "17:02:00",
    },
    "stops": Array [
      "Hedvigsborg (Mörbylånga kn)",
      "Resmo vsk (Mörbylånga kn)",
      "Kleva (Mörbylånga kn)",
      "Lilla Frö (Mörbylånga kn)",
      "Stora Frö (Mörbylånga kn)",
      "Haga park (Mörbylånga kn)",
      "Vickleby vsk (Mörbylånga kn)",
      "Karlevi vsk (Mörbylånga kn)",
      "Eriksöre camping (Mörbylånga kn)",
      "Runsbäck (Mörbylånga kn)",
      "Färjestaden Byggmästargatan (Mörbylånga kn)",
      "Södra Hamnplan (Mörbylånga kn)",
      "Färjestaden Ölands Köpstad (Mörbylånga kn)",
      "Snäckstrand södra (Mörbylånga kn)",
      "Snäckstrand norra (Mörbylånga kn)",
      "Färjestaden Möllstorp (Mörbylånga kn)",
      "Tallhagen (Kalmar kn)",
      "Kalmar Chokladfabriken",
      "Kalmar Malmen",
      "Tullslätten (Kalmar kn)",
      "Kalmar Centralstation",
      "Nybro station",
      "Emmaboda station",
      "Lessebo station",
      "Hovmantorp station (Lessebo kn)",
      "Växjö station",
      "Alvesta station",
      "Nässjö Centralstation",
      "Tranås station",
      "Linköping Centralstation",
      "Norrköping Centralstation",
      "Södertälje Syd station",
      "Stockholm Södra station",
      "Årstaberg station (Stockholm kn)",
      "Älvsjö station (Stockholm kn)",
      "Turingevägen (Stockholm kn)",
    ],
  },
  Object {
    "start": Object {
      "date": "2019-08-05",
      "time": "19:02:00",
    },
    "stops": Array [
      "Hedvigsborg (Mörbylånga kn)",
      "Resmo vsk (Mörbylånga kn)",
      "Kleva (Mörbylånga kn)",
      "Lilla Frö (Mörbylånga kn)",
      "Stora Frö (Mörbylånga kn)",
      "Haga park (Mörbylånga kn)",
      "Vickleby vsk (Mörbylånga kn)",
      "Karlevi vsk (Mörbylånga kn)",
      "Eriksöre camping (Mörbylånga kn)",
      "Runsbäck (Mörbylånga kn)",
      "Färjestaden Byggmästargatan (Mörbylånga kn)",
      "Södra Hamnplan (Mörbylånga kn)",
      "Färjestaden Ölands Köpstad (Mörbylånga kn)",
      "Snäckstrand södra (Mörbylånga kn)",
      "Snäckstrand norra (Mörbylånga kn)",
      "Färjestaden Möllstorp (Mörbylånga kn)",
      "Tallhagen (Kalmar kn)",
      "Kalmar Chokladfabriken",
      "Kalmar Malmen",
      "Tullslätten (Kalmar kn)",
      "Kalmar Centralstation",
      "Nybro station",
      "Emmaboda station",
      "Lessebo station",
      "Hovmantorp station (Lessebo kn)",
      "Växjö station",
      "Alvesta station",
      "Nässjö Centralstation",
      "Linköping Centralstation",
      "Norrköping Centralstation",
      "Flemingsberg station (Huddinge kn)",
      "Huddinge station",
      "Stuvsta station (Huddinge kn)",
      "Älvsjö station (Stockholm kn)",
    ],
  },
  Object {
    "start": Object {
      "date": "2019-08-05",
      "time": "19:02:00",
    },
    "stops": Array [
      "Hedvigsborg (Mörbylånga kn)",
      "Resmo vsk (Mörbylånga kn)",
      "Kleva (Mörbylånga kn)",
      "Lilla Frö (Mörbylånga kn)",
      "Stora Frö (Mörbylånga kn)",
      "Haga park (Mörbylånga kn)",
      "Vickleby vsk (Mörbylånga kn)",
      "Karlevi vsk (Mörbylånga kn)",
      "Eriksöre camping (Mörbylånga kn)",
      "Runsbäck (Mörbylånga kn)",
      "Färjestaden Byggmästargatan (Mörbylånga kn)",
      "Södra Hamnplan (Mörbylånga kn)",
      "Färjestaden Ölands Köpstad (Mörbylånga kn)",
      "Snäckstrand södra (Mörbylånga kn)",
      "Snäckstrand norra (Mörbylånga kn)",
      "Färjestaden Möllstorp (Mörbylånga kn)",
      "Tallhagen (Kalmar kn)",
      "Kalmar Chokladfabriken",
      "Kalmar Malmen",
      "Tullslätten (Kalmar kn)",
      "Kalmar Centralstation",
      "Nybro station",
      "Emmaboda station",
      "Lessebo station",
      "Hovmantorp station (Lessebo kn)",
      "Växjö station",
      "Alvesta station",
      "Nässjö Centralstation",
      "Linköping Centralstation",
      "Norrköping Centralstation",
      "Flemingsberg station (Huddinge kn)",
      "Huddinge station",
      "Stuvsta station (Huddinge kn)",
      "Älvsjö station (Stockholm kn)",
      "Turingevägen (Stockholm kn)",
    ],
  },
  Object {
    "start": Object {
      "date": "2019-08-05",
      "time": "19:00:00",
    },
    "stops": Array [
      "Mörbylånga kyrka",
      "Mörbylånga Trollet",
      "Hedvigsborg (Mörbylånga kn)",
      "Resmo vsk (Mörbylånga kn)",
      "Kleva (Mörbylånga kn)",
      "Lilla Frö (Mörbylånga kn)",
      "Stora Frö (Mörbylånga kn)",
      "Haga park (Mörbylånga kn)",
      "Vickleby vsk (Mörbylånga kn)",
      "Karlevi vsk (Mörbylånga kn)",
      "Eriksöre camping (Mörbylånga kn)",
      "Runsbäck (Mörbylånga kn)",
      "Färjestaden Byggmästargatan (Mörbylånga kn)",
      "Södra Hamnplan (Mörbylånga kn)",
      "Färjestaden Ölands Köpstad (Mörbylånga kn)",
      "Snäckstrand södra (Mörbylånga kn)",
      "Snäckstrand norra (Mörbylånga kn)",
      "Färjestaden Möllstorp (Mörbylånga kn)",
      "Tallhagen (Kalmar kn)",
      "Kalmar Chokladfabriken",
      "Kalmar Malmen",
      "Tullslätten (Kalmar kn)",
      "Kalmar Centralstation",
      "Nybro station",
      "Emmaboda station",
      "Lessebo station",
      "Hovmantorp station (Lessebo kn)",
      "Växjö station",
      "Alvesta station",
      "Nässjö Centralstation",
      "Linköping Centralstation",
      "Norrköping Centralstation",
      "Flemingsberg station (Huddinge kn)",
      "Huddinge station",
      "Stuvsta station (Huddinge kn)",
      "Älvsjö station (Stockholm kn)",
    ],
  },
  Object {
    "start": Object {
      "date": "2019-08-05",
      "time": "19:00:00",
    },
    "stops": Array [
      "Mörbylånga kyrka",
      "Mörbylånga Trollet",
      "Hedvigsborg (Mörbylånga kn)",
      "Resmo vsk (Mörbylånga kn)",
      "Kleva (Mörbylånga kn)",
      "Lilla Frö (Mörbylånga kn)",
      "Stora Frö (Mörbylånga kn)",
      "Haga park (Mörbylånga kn)",
      "Vickleby vsk (Mörbylånga kn)",
      "Karlevi vsk (Mörbylånga kn)",
      "Eriksöre camping (Mörbylånga kn)",
      "Runsbäck (Mörbylånga kn)",
      "Färjestaden Byggmästargatan (Mörbylånga kn)",
      "Södra Hamnplan (Mörbylånga kn)",
      "Färjestaden Ölands Köpstad (Mörbylånga kn)",
      "Snäckstrand södra (Mörbylånga kn)",
      "Snäckstrand norra (Mörbylånga kn)",
      "Färjestaden Möllstorp (Mörbylånga kn)",
      "Tallhagen (Kalmar kn)",
      "Kalmar Chokladfabriken",
      "Kalmar Malmen",
      "Tullslätten (Kalmar kn)",
      "Kalmar Centralstation",
      "Nybro station",
      "Emmaboda station",
      "Lessebo station",
      "Hovmantorp station (Lessebo kn)",
      "Växjö station",
      "Alvesta station",
      "Nässjö Centralstation",
      "Linköping Centralstation",
      "Norrköping Centralstation",
      "Flemingsberg station (Huddinge kn)",
      "Huddinge station",
      "Stuvsta station (Huddinge kn)",
      "Älvsjö station (Stockholm kn)",
      "Turingevägen (Stockholm kn)",
    ],
  },
  Object {
    "start": Object {
      "date": "2019-08-05",
      "time": "22:02:00",
    },
    "stops": Array [
      "Hedvigsborg (Mörbylånga kn)",
      "Resmo vsk (Mörbylånga kn)",
      "Kleva (Mörbylånga kn)",
      "Lilla Frö (Mörbylånga kn)",
      "Stora Frö (Mörbylånga kn)",
      "Haga park (Mörbylånga kn)",
      "Vickleby vsk (Mörbylånga kn)",
      "Karlevi vsk (Mörbylånga kn)",
      "Eriksöre camping (Mörbylånga kn)",
      "Runsbäck (Mörbylånga kn)",
      "Färjestaden Byggmästargatan (Mörbylånga kn)",
      "Södra Hamnplan (Mörbylånga kn)",
      "Färjestaden Ölands Köpstad (Mörbylånga kn)",
      "Snäckstrand södra (Mörbylånga kn)",
      "Snäckstrand norra (Mörbylånga kn)",
      "Färjestaden Möllstorp (Mörbylånga kn)",
      "Tallhagen (Kalmar kn)",
      "Kalmar Chokladfabriken",
      "Kalmar Malmen",
      "Tullslätten (Kalmar kn)",
      "Kalmar Centralstation",
      "Mönsterås norra",
      "Oskarshamn station",
      "Västervik station",
      "Norrköping busstation",
      "Kolmården station (Norrköping kn)",
      "Nyköping Centralstation",
      "Vagnhärad station (Trosa kn)",
      "Södertälje Syd station",
      "Flemingsberg station (Huddinge kn)",
      "Huddinge station",
      "Stuvsta station (Huddinge kn)",
      "Älvsjö station (Stockholm kn)",
    ],
  },
  Object {
    "start": Object {
      "date": "2019-08-05",
      "time": "22:02:00",
    },
    "stops": Array [
      "Hedvigsborg (Mörbylånga kn)",
      "Resmo vsk (Mörbylånga kn)",
      "Kleva (Mörbylånga kn)",
      "Lilla Frö (Mörbylånga kn)",
      "Stora Frö (Mörbylånga kn)",
      "Haga park (Mörbylånga kn)",
      "Vickleby vsk (Mörbylånga kn)",
      "Karlevi vsk (Mörbylånga kn)",
      "Eriksöre camping (Mörbylånga kn)",
      "Runsbäck (Mörbylånga kn)",
      "Färjestaden Byggmästargatan (Mörbylånga kn)",
      "Södra Hamnplan (Mörbylånga kn)",
      "Färjestaden Ölands Köpstad (Mörbylånga kn)",
      "Snäckstrand södra (Mörbylånga kn)",
      "Snäckstrand norra (Mörbylånga kn)",
      "Färjestaden Möllstorp (Mörbylånga kn)",
      "Tallhagen (Kalmar kn)",
      "Kalmar Chokladfabriken",
      "Kalmar Malmen",
      "Tullslätten (Kalmar kn)",
      "Kalmar Centralstation",
      "Mönsterås norra",
      "Oskarshamn station",
      "Västervik station",
      "Norrköping busstation",
      "Kolmården station (Norrköping kn)",
      "Nyköping Centralstation",
      "Vagnhärad station (Trosa kn)",
      "Södertälje Syd station",
      "Flemingsberg station (Huddinge kn)",
      "Huddinge station",
      "Stuvsta station (Huddinge kn)",
      "Älvsjö station (Stockholm kn)",
      "Turingevägen (Stockholm kn)",
    ],
  },
  Object {
    "start": Object {
      "date": "2019-08-05",
      "time": "22:02:00",
    },
    "stops": Array [
      "Hedvigsborg (Mörbylånga kn)",
      "Resmo vsk (Mörbylånga kn)",
      "Kleva (Mörbylånga kn)",
      "Lilla Frö (Mörbylånga kn)",
      "Stora Frö (Mörbylånga kn)",
      "Haga park (Mörbylånga kn)",
      "Vickleby vsk (Mörbylånga kn)",
      "Karlevi vsk (Mörbylånga kn)",
      "Eriksöre camping (Mörbylånga kn)",
      "Runsbäck (Mörbylånga kn)",
      "Färjestaden Byggmästargatan (Mörbylånga kn)",
      "Södra Hamnplan (Mörbylånga kn)",
      "Färjestaden Ölands Köpstad (Mörbylånga kn)",
      "Snäckstrand södra (Mörbylånga kn)",
      "Snäckstrand norra (Mörbylånga kn)",
      "Färjestaden Möllstorp (Mörbylånga kn)",
      "Tallhagen (Kalmar kn)",
      "Kalmar Chokladfabriken",
      "Kalmar Malmen",
      "Tullslätten (Kalmar kn)",
      "Kalmar Centralstation",
      "Mönsterås norra",
      "Oskarshamn station",
      "Västervik station",
      "Norrköping busstation",
      "Stockholm Cityterminalen",
      "Stockholm Södra station",
      "Årstaberg station (Stockholm kn)",
      "Älvsjö station (Stockholm kn)",
    ],
  },
  Object {
    "start": Object {
      "date": "2019-08-05",
      "time": "22:02:00",
    },
    "stops": Array [
      "Hedvigsborg (Mörbylånga kn)",
      "Resmo vsk (Mörbylånga kn)",
      "Kleva (Mörbylånga kn)",
      "Lilla Frö (Mörbylånga kn)",
      "Stora Frö (Mörbylånga kn)",
      "Haga park (Mörbylånga kn)",
      "Vickleby vsk (Mörbylånga kn)",
      "Karlevi vsk (Mörbylånga kn)",
      "Eriksöre camping (Mörbylånga kn)",
      "Runsbäck (Mörbylånga kn)",
      "Färjestaden Byggmästargatan (Mörbylånga kn)",
      "Södra Hamnplan (Mörbylånga kn)",
      "Färjestaden Ölands Köpstad (Mörbylånga kn)",
      "Snäckstrand södra (Mörbylånga kn)",
      "Snäckstrand norra (Mörbylånga kn)",
      "Färjestaden Möllstorp (Mörbylånga kn)",
      "Tallhagen (Kalmar kn)",
      "Kalmar Chokladfabriken",
      "Kalmar Malmen",
      "Tullslätten (Kalmar kn)",
      "Kalmar Centralstation",
      "Mönsterås norra",
      "Oskarshamn station",
      "Västervik station",
      "Norrköping busstation",
      "Stockholm Cityterminalen",
      "Stockholm Södra station",
      "Årstaberg station (Stockholm kn)",
      "Älvsjö station (Stockholm kn)",
      "Turingevägen (Stockholm kn)",
    ],
  },
  Object {
    "start": Object {
      "date": "2019-08-06",
      "time": "05:02:00",
    },
    "stops": Array [
      "Hedvigsborg (Mörbylånga kn)",
      "Resmo vsk (Mörbylånga kn)",
      "Kleva (Mörbylånga kn)",
      "Lilla Frö (Mörbylånga kn)",
      "Stora Frö (Mörbylånga kn)",
      "Haga park (Mörbylånga kn)",
      "Vickleby vsk (Mörbylånga kn)",
      "Karlevi vsk (Mörbylånga kn)",
      "Eriksöre camping (Mörbylånga kn)",
      "Runsbäck (Mörbylånga kn)",
      "Färjestaden Byggmästargatan (Mörbylånga kn)",
      "Södra Hamnplan (Mörbylånga kn)",
      "Färjestaden Ölands Köpstad (Mörbylånga kn)",
      "Snäckstrand södra (Mörbylånga kn)",
      "Snäckstrand norra (Mörbylånga kn)",
      "Färjestaden Möllstorp (Mörbylånga kn)",
      "Tallhagen (Kalmar kn)",
      "Kalmar Chokladfabriken",
      "Kalmar Malmen",
      "Tullslätten (Kalmar kn)",
      "Kalmar Centralstation",
      "Mönsterås norra",
      "Oskarshamn station",
      "Fårbo E22 (Oskarshamn kn)",
      "Misterhult vägskäl E22 (Oskarshamn kn)",
      "Blankaholm E22 (Västervik kn)",
      "Verkebäcksbron (Västervik kn)",
      "Västervik station",
      "Gamleby Flisvägen (Västervik kn)",
      "Valdemarsvik E22",
      "Söderköping busstation",
      "Norrköping busstation",
      "Nyköping busstation",
      "Stockholm Cityterminalen",
      "Stockholm Södra station",
      "Årstaberg station (Stockholm kn)",
      "Älvsjö station (Stockholm kn)",
    ],
  },
  Object {
    "start": Object {
      "date": "2019-08-06",
      "time": "05:02:00",
    },
    "stops": Array [
      "Hedvigsborg (Mörbylånga kn)",
      "Resmo vsk (Mörbylånga kn)",
      "Kleva (Mörbylånga kn)",
      "Lilla Frö (Mörbylånga kn)",
      "Stora Frö (Mörbylånga kn)",
      "Haga park (Mörbylånga kn)",
      "Vickleby vsk (Mörbylånga kn)",
      "Karlevi vsk (Mörbylånga kn)",
      "Eriksöre camping (Mörbylånga kn)",
      "Runsbäck (Mörbylånga kn)",
      "Färjestaden Byggmästargatan (Mörbylånga kn)",
      "Södra Hamnplan (Mörbylånga kn)",
      "Färjestaden Ölands Köpstad (Mörbylånga kn)",
      "Snäckstrand södra (Mörbylånga kn)",
      "Snäckstrand norra (Mörbylånga kn)",
      "Färjestaden Möllstorp (Mörbylånga kn)",
      "Tallhagen (Kalmar kn)",
      "Kalmar Chokladfabriken",
      "Kalmar Malmen",
      "Tullslätten (Kalmar kn)",
      "Kalmar Centralstation",
      "Mönsterås norra",
      "Oskarshamn station",
      "Fårbo E22 (Oskarshamn kn)",
      "Misterhult vägskäl E22 (Oskarshamn kn)",
      "Blankaholm E22 (Västervik kn)",
      "Verkebäcksbron (Västervik kn)",
      "Västervik station",
      "Gamleby Flisvägen (Västervik kn)",
      "Valdemarsvik E22",
      "Söderköping busstation",
      "Norrköping busstation",
      "Nyköping busstation",
      "Stockholm Cityterminalen",
      "Stockholm Södra station",
      "Årstaberg station (Stockholm kn)",
      "Älvsjö station (Stockholm kn)",
      "Turingevägen (Stockholm kn)",
    ],
  },
  Object {
    "start": Object {
      "date": "2019-08-06",
      "time": "06:02:00",
    },
    "stops": Array [
      "Hedvigsborg (Mörbylånga kn)",
      "Resmo vsk (Mörbylånga kn)",
      "Kleva (Mörbylånga kn)",
      "Lilla Frö (Mörbylånga kn)",
      "Stora Frö (Mörbylånga kn)",
      "Haga park (Mörbylånga kn)",
      "Vickleby vsk (Mörbylånga kn)",
      "Karlevi vsk (Mörbylånga kn)",
      "Eriksöre camping (Mörbylånga kn)",
      "Runsbäck (Mörbylånga kn)",
      "Färjestaden Byggmästargatan (Mörbylånga kn)",
      "Södra Hamnplan (Mörbylånga kn)",
      "Färjestaden Ölands Köpstad (Mörbylånga kn)",
      "Snäckstrand södra (Mörbylånga kn)",
      "Snäckstrand norra (Mörbylånga kn)",
      "Färjestaden Möllstorp (Mörbylånga kn)",
      "Tallhagen (Kalmar kn)",
      "Kalmar Chokladfabriken",
      "Kalmar Malmen",
      "Tullslätten (Kalmar kn)",
      "Kalmar Centralstation",
      "Nybro station",
      "Emmaboda station",
      "Lessebo station",
      "Hovmantorp station (Lessebo kn)",
      "Växjö station",
      "Alvesta station",
      "Nässjö Centralstation",
      "Mjölby station",
      "Linköping Centralstation",
      "Norrköping Centralstation",
      "Stockholm Södra station",
      "Årstaberg station (Stockholm kn)",
      "Älvsjö station (Stockholm kn)",
    ],
  },
  Object {
    "start": Object {
      "date": "2019-08-06",
      "time": "06:02:00",
    },
    "stops": Array [
      "Hedvigsborg (Mörbylånga kn)",
      "Resmo vsk (Mörbylånga kn)",
      "Kleva (Mörbylånga kn)",
      "Lilla Frö (Mörbylånga kn)",
      "Stora Frö (Mörbylånga kn)",
      "Haga park (Mörbylånga kn)",
      "Vickleby vsk (Mörbylånga kn)",
      "Karlevi vsk (Mörbylånga kn)",
      "Eriksöre camping (Mörbylånga kn)",
      "Runsbäck (Mörbylånga kn)",
      "Färjestaden Byggmästargatan (Mörbylånga kn)",
      "Södra Hamnplan (Mörbylånga kn)",
      "Färjestaden Ölands Köpstad (Mörbylånga kn)",
      "Snäckstrand södra (Mörbylånga kn)",
      "Snäckstrand norra (Mörbylånga kn)",
      "Färjestaden Möllstorp (Mörbylånga kn)",
      "Tallhagen (Kalmar kn)",
      "Kalmar Chokladfabriken",
      "Kalmar Malmen",
      "Tullslätten (Kalmar kn)",
      "Kalmar Centralstation",
      "Nybro station",
      "Emmaboda station",
      "Lessebo station",
      "Hovmantorp station (Lessebo kn)",
      "Växjö station",
      "Alvesta station",
      "Nässjö Centralstation",
      "Mjölby station",
      "Linköping Centralstation",
      "Norrköping Centralstation",
      "Stockholm Södra station",
      "Årstaberg station (Stockholm kn)",
      "Älvsjö station (Stockholm kn)",
      "Turingevägen (Stockholm kn)",
    ],
  },
]
`;
