// Jest Snapshot v1, https://goo.gl/fbAQLP

exports[`The Take-me-home app Returns some trips 1`] = `
Array [
  Object {
    "start": Object {
      "date": "2019-08-04",
      "time": "00:02:00",
    },
    "stops": Array [
      "Hedvigsborg (Mörbylånga kn)",
      "Resmo vsk (Mörbylånga kn)",
      "Kleva (Mörbylånga kn)",
      "Lilla Frö (Mörbylånga kn)",
      "Stora Frö (Mörbylånga kn)",
      "Haga park (Mörbylånga kn)",
      "Vickleby vsk (Mörbylånga kn)",
      "Karlevi vsk (Mörbylånga kn)",
      "Eriksöre camping (Mörbylånga kn)",
      "Runsbäck (Mörbylånga kn)",
      "Färjestaden Byggmästargatan (Mörbylånga kn)",
      "Södra Hamnplan (Mörbylånga kn)",
      "Färjestaden Ölands Köpstad (Mörbylånga kn)",
      "Snäckstrand södra (Mörbylånga kn)",
      "Snäckstrand norra (Mörbylånga kn)",
      "Färjestaden Möllstorp (Mörbylånga kn)",
      "Tallhagen (Kalmar kn)",
      "Kalmar Chokladfabriken",
      "Kalmar Malmen",
      "Tullslätten (Kalmar kn)",
      "Kalmar Centralstation",
      "Mönsterås norra",
      "Oskarshamn station",
      "Västervik station",
      "Norrköping busstation",
      "Stockholm Cityterminalen",
      "Stockholm Södra station",
      "Årstaberg station (Stockholm kn)",
      "Älvsjö station (Stockholm kn)",
    ],
  },
  Object {
    "start": Object {
      "date": "2019-08-04",
      "time": "00:02:00",
    },
    "stops": Array [
      "Hedvigsborg (Mörbylånga kn)",
      "Resmo vsk (Mörbylånga kn)",
      "Kleva (Mörbylånga kn)",
      "Lilla Frö (Mörbylånga kn)",
      "Stora Frö (Mörbylånga kn)",
      "Haga park (Mörbylånga kn)",
      "Vickleby vsk (Mörbylånga kn)",
      "Karlevi vsk (Mörbylånga kn)",
      "Eriksöre camping (Mörbylånga kn)",
      "Runsbäck (Mörbylånga kn)",
      "Färjestaden Byggmästargatan (Mörbylånga kn)",
      "Södra Hamnplan (Mörbylånga kn)",
      "Färjestaden Ölands Köpstad (Mörbylånga kn)",
      "Snäckstrand södra (Mörbylånga kn)",
      "Snäckstrand norra (Mörbylånga kn)",
      "Färjestaden Möllstorp (Mörbylånga kn)",
      "Tallhagen (Kalmar kn)",
      "Kalmar Chokladfabriken",
      "Kalmar Malmen",
      "Tullslätten (Kalmar kn)",
      "Kalmar Centralstation",
      "Mönsterås norra",
      "Oskarshamn station",
      "Västervik station",
      "Norrköping busstation",
      "Stockholm Cityterminalen",
      "Stockholm Södra station",
      "Årstaberg station (Stockholm kn)",
      "Älvsjö station (Stockholm kn)",
      "Turingevägen (Stockholm kn)",
    ],
  },
  Object {
    "start": Object {
      "date": "2019-08-04",
      "time": "05:47:00",
    },
    "stops": Array [
      "Hedvigsborg (Mörbylånga kn)",
      "Resmo vsk (Mörbylånga kn)",
      "Kleva (Mörbylånga kn)",
      "Lilla Frö (Mörbylånga kn)",
      "Stora Frö (Mörbylånga kn)",
      "Haga park (Mörbylånga kn)",
      "Vickleby vsk (Mörbylånga kn)",
      "Karlevi vsk (Mörbylånga kn)",
      "Eriksöre camping (Mörbylånga kn)",
      "Runsbäck (Mörbylånga kn)",
      "Färjestaden Byggmästargatan (Mörbylånga kn)",
      "Södra Hamnplan (Mörbylånga kn)",
      "Färjestaden Ölands Köpstad (Mörbylånga kn)",
      "Snäckstrand södra (Mörbylånga kn)",
      "Snäckstrand norra (Mörbylånga kn)",
      "Färjestaden Möllstorp (Mörbylånga kn)",
      "Tallhagen (Kalmar kn)",
      "Kalmar Chokladfabriken",
      "Kalmar Malmen",
      "Tullslätten (Kalmar kn)",
      "Kalmar Centralstation",
      "Mönsterås norra",
      "Oskarshamn station",
      "Västervik station",
      "Gamleby Flisvägen (Västervik kn)",
      "Söderköping busstation",
      "Norrköping busstation",
      "Stockholm Cityterminalen",
      "Stockholm Södra station",
      "Årstaberg station (Stockholm kn)",
      "Älvsjö station (Stockholm kn)",
    ],
  },
  Object {
    "start": Object {
      "date": "2019-08-04",
      "time": "05:47:00",
    },
    "stops": Array [
      "Hedvigsborg (Mörbylånga kn)",
      "Resmo vsk (Mörbylånga kn)",
      "Kleva (Mörbylånga kn)",
      "Lilla Frö (Mörbylånga kn)",
      "Stora Frö (Mörbylånga kn)",
      "Haga park (Mörbylånga kn)",
      "Vickleby vsk (Mörbylånga kn)",
      "Karlevi vsk (Mörbylånga kn)",
      "Eriksöre camping (Mörbylånga kn)",
      "Runsbäck (Mörbylånga kn)",
      "Färjestaden Byggmästargatan (Mörbylånga kn)",
      "Södra Hamnplan (Mörbylånga kn)",
      "Färjestaden Ölands Köpstad (Mörbylånga kn)",
      "Snäckstrand södra (Mörbylånga kn)",
      "Snäckstrand norra (Mörbylånga kn)",
      "Färjestaden Möllstorp (Mörbylånga kn)",
      "Tallhagen (Kalmar kn)",
      "Kalmar Chokladfabriken",
      "Kalmar Malmen",
      "Tullslätten (Kalmar kn)",
      "Kalmar Centralstation",
      "Mönsterås norra",
      "Oskarshamn station",
      "Västervik station",
      "Gamleby Flisvägen (Västervik kn)",
      "Söderköping busstation",
      "Norrköping busstation",
      "Stockholm Cityterminalen",
      "Stockholm Södra station",
      "Årstaberg station (Stockholm kn)",
      "Älvsjö station (Stockholm kn)",
      "Turingevägen (Stockholm kn)",
    ],
  },
  Object {
    "start": Object {
      "date": "2019-08-04",
      "time": "05:47:00",
    },
    "stops": Array [
      "Hedvigsborg (Mörbylånga kn)",
      "Resmo vsk (Mörbylånga kn)",
      "Kleva (Mörbylånga kn)",
      "Lilla Frö (Mörbylånga kn)",
      "Stora Frö (Mörbylånga kn)",
      "Haga park (Mörbylånga kn)",
      "Vickleby vsk (Mörbylånga kn)",
      "Karlevi vsk (Mörbylånga kn)",
      "Eriksöre camping (Mörbylånga kn)",
      "Runsbäck (Mörbylånga kn)",
      "Färjestaden Byggmästargatan (Mörbylånga kn)",
      "Södra Hamnplan (Mörbylånga kn)",
      "Färjestaden Ölands Köpstad (Mörbylånga kn)",
      "Snäckstrand södra (Mörbylånga kn)",
      "Snäckstrand norra (Mörbylånga kn)",
      "Färjestaden Möllstorp (Mörbylånga kn)",
      "Tallhagen (Kalmar kn)",
      "Kalmar Chokladfabriken",
      "Kalmar Malmen",
      "Tullslätten (Kalmar kn)",
      "Kalmar Centralstation",
      "Mönsterås norra",
      "Oskarshamn station",
      "Västervik station",
      "Norrköping busstation",
      "Nyköping busstation",
      "Stockholm Cityterminalen",
      "Stockholm Södra station",
      "Årstaberg station (Stockholm kn)",
      "Älvsjö station (Stockholm kn)",
      "Turingevägen (Stockholm kn)",
    ],
  },
  Object {
    "start": Object {
      "date": "2019-08-04",
      "time": "08:02:00",
    },
    "stops": Array [
      "Hedvigsborg (Mörbylånga kn)",
      "Resmo vsk (Mörbylånga kn)",
      "Kleva (Mörbylånga kn)",
      "Lilla Frö (Mörbylånga kn)",
      "Stora Frö (Mörbylånga kn)",
      "Haga park (Mörbylånga kn)",
      "Vickleby vsk (Mörbylånga kn)",
      "Karlevi vsk (Mörbylånga kn)",
      "Eriksöre camping (Mörbylånga kn)",
      "Runsbäck (Mörbylånga kn)",
      "Färjestaden Byggmästargatan (Mörbylånga kn)",
      "Södra Hamnplan (Mörbylånga kn)",
      "Färjestaden Ölands Köpstad (Mörbylånga kn)",
      "Snäckstrand södra (Mörbylånga kn)",
      "Snäckstrand norra (Mörbylånga kn)",
      "Färjestaden Möllstorp (Mörbylånga kn)",
      "Tallhagen (Kalmar kn)",
      "Kalmar Chokladfabriken",
      "Kalmar Malmen",
      "Tullslätten (Kalmar kn)",
      "Kalmar Centralstation",
      "Nybro station",
      "Emmaboda station",
      "Lessebo station",
      "Hovmantorp station (Lessebo kn)",
      "Växjö station",
      "Alvesta station",
      "Nässjö Centralstation",
      "Linköping Centralstation",
      "Norrköping Centralstation",
      "Södertälje hamn station",
      "Östertälje station (Södertälje kn)",
      "Rönninge station (Salem kn)",
      "Tumba station (Botkyrka kn)",
      "Tullinge station (Botkyrka kn)",
      "Flemingsberg station (Huddinge kn)",
      "Huddinge station",
      "Stuvsta station (Huddinge kn)",
      "Älvsjö station (Stockholm kn)",
    ],
  },
  Object {
    "start": Object {
      "date": "2019-08-04",
      "time": "08:02:00",
    },
    "stops": Array [
      "Hedvigsborg (Mörbylånga kn)",
      "Resmo vsk (Mörbylånga kn)",
      "Kleva (Mörbylånga kn)",
      "Lilla Frö (Mörbylånga kn)",
      "Stora Frö (Mörbylånga kn)",
      "Haga park (Mörbylånga kn)",
      "Vickleby vsk (Mörbylånga kn)",
      "Karlevi vsk (Mörbylånga kn)",
      "Eriksöre camping (Mörbylånga kn)",
      "Runsbäck (Mörbylånga kn)",
      "Färjestaden Byggmästargatan (Mörbylånga kn)",
      "Södra Hamnplan (Mörbylånga kn)",
      "Färjestaden Ölands Köpstad (Mörbylånga kn)",
      "Snäckstrand södra (Mörbylånga kn)",
      "Snäckstrand norra (Mörbylånga kn)",
      "Färjestaden Möllstorp (Mörbylånga kn)",
      "Tallhagen (Kalmar kn)",
      "Kalmar Chokladfabriken",
      "Kalmar Malmen",
      "Tullslätten (Kalmar kn)",
      "Kalmar Centralstation",
      "Nybro station",
      "Emmaboda station",
      "Lessebo station",
      "Hovmantorp station (Lessebo kn)",
      "Växjö station",
      "Alvesta station",
      "Nässjö Centralstation",
      "Linköping Centralstation",
      "Norrköping Centralstation",
      "Södertälje hamn station",
      "Östertälje station (Södertälje kn)",
      "Rönninge station (Salem kn)",
      "Tumba station (Botkyrka kn)",
      "Tullinge station (Botkyrka kn)",
      "Flemingsberg station (Huddinge kn)",
      "Huddinge station",
      "Stuvsta station (Huddinge kn)",
      "Älvsjö station (Stockholm kn)",
      "Turingevägen (Stockholm kn)",
    ],
  },
  Object {
    "start": Object {
      "date": "2019-08-04",
      "time": "08:02:00",
    },
    "stops": Array [
      "Hedvigsborg (Mörbylånga kn)",
      "Resmo vsk (Mörbylånga kn)",
      "Kleva (Mörbylånga kn)",
      "Lilla Frö (Mörbylånga kn)",
      "Stora Frö (Mörbylånga kn)",
      "Haga park (Mörbylånga kn)",
      "Vickleby vsk (Mörbylånga kn)",
      "Karlevi vsk (Mörbylånga kn)",
      "Eriksöre camping (Mörbylånga kn)",
      "Runsbäck (Mörbylånga kn)",
      "Färjestaden Byggmästargatan (Mörbylånga kn)",
      "Södra Hamnplan (Mörbylånga kn)",
      "Färjestaden Ölands Köpstad (Mörbylånga kn)",
      "Snäckstrand södra (Mörbylånga kn)",
      "Snäckstrand norra (Mörbylånga kn)",
      "Färjestaden Möllstorp (Mörbylånga kn)",
      "Tallhagen (Kalmar kn)",
      "Kalmar Chokladfabriken",
      "Kalmar Malmen",
      "Tullslätten (Kalmar kn)",
      "Kalmar Centralstation",
      "Mönsterås norra",
      "Oskarshamn station",
      "Fårbo E22 (Oskarshamn kn)",
      "Misterhult vägskäl E22 (Oskarshamn kn)",
      "Blankaholm E22 (Västervik kn)",
      "Verkebäcksbron (Västervik kn)",
      "Västervik station",
      "Gamleby Flisvägen (Västervik kn)",
      "Valdemarsvik E22",
      "Söderköping busstation",
      "Norrköping busstation",
      "Nyköping busstation",
      "Stockholm Cityterminalen",
      "Stockholm Södra station",
      "Årstaberg station (Stockholm kn)",
      "Älvsjö station (Stockholm kn)",
    ],
  },
  Object {
    "start": Object {
      "date": "2019-08-04",
      "time": "08:02:00",
    },
    "stops": Array [
      "Hedvigsborg (Mörbylånga kn)",
      "Resmo vsk (Mörbylånga kn)",
      "Kleva (Mörbylånga kn)",
      "Lilla Frö (Mörbylånga kn)",
      "Stora Frö (Mörbylånga kn)",
      "Haga park (Mörbylånga kn)",
      "Vickleby vsk (Mörbylånga kn)",
      "Karlevi vsk (Mörbylånga kn)",
      "Eriksöre camping (Mörbylånga kn)",
      "Runsbäck (Mörbylånga kn)",
      "Färjestaden Byggmästargatan (Mörbylånga kn)",
      "Södra Hamnplan (Mörbylånga kn)",
      "Färjestaden Ölands Köpstad (Mörbylånga kn)",
      "Snäckstrand södra (Mörbylånga kn)",
      "Snäckstrand norra (Mörbylånga kn)",
      "Färjestaden Möllstorp (Mörbylånga kn)",
      "Tallhagen (Kalmar kn)",
      "Kalmar Chokladfabriken",
      "Kalmar Malmen",
      "Tullslätten (Kalmar kn)",
      "Kalmar Centralstation",
      "Mönsterås norra",
      "Oskarshamn station",
      "Fårbo E22 (Oskarshamn kn)",
      "Misterhult vägskäl E22 (Oskarshamn kn)",
      "Blankaholm E22 (Västervik kn)",
      "Verkebäcksbron (Västervik kn)",
      "Västervik station",
      "Gamleby Flisvägen (Västervik kn)",
      "Valdemarsvik E22",
      "Söderköping busstation",
      "Norrköping busstation",
      "Nyköping busstation",
      "Stockholm Cityterminalen",
      "Stockholm Södra station",
      "Årstaberg station (Stockholm kn)",
      "Älvsjö station (Stockholm kn)",
      "Turingevägen (Stockholm kn)",
    ],
  },
  Object {
    "start": Object {
      "date": "2019-08-04",
      "time": "10:02:00",
    },
    "stops": Array [
      "Hedvigsborg (Mörbylånga kn)",
      "Resmo vsk (Mörbylånga kn)",
      "Kleva (Mörbylånga kn)",
      "Lilla Frö (Mörbylånga kn)",
      "Stora Frö (Mörbylånga kn)",
      "Haga park (Mörbylånga kn)",
      "Vickleby vsk (Mörbylånga kn)",
      "Karlevi vsk (Mörbylånga kn)",
      "Eriksöre camping (Mörbylånga kn)",
      "Runsbäck (Mörbylånga kn)",
      "Färjestaden Byggmästargatan (Mörbylånga kn)",
      "Södra Hamnplan (Mörbylånga kn)",
      "Färjestaden Ölands Köpstad (Mörbylånga kn)",
      "Snäckstrand södra (Mörbylånga kn)",
      "Snäckstrand norra (Mörbylånga kn)",
      "Färjestaden Möllstorp (Mörbylånga kn)",
      "Tallhagen (Kalmar kn)",
      "Kalmar Chokladfabriken",
      "Kalmar Malmen",
      "Tullslätten (Kalmar kn)",
      "Kalmar Centralstation",
      "Nybro station",
      "Emmaboda station",
      "Lessebo station",
      "Hovmantorp station (Lessebo kn)",
      "Växjö station",
      "Alvesta station",
      "Nässjö Centralstation",
      "Linköping Centralstation",
      "Norrköping Centralstation",
      "Södertälje Syd station",
      "Stockholm Södra station",
      "Årstaberg station (Stockholm kn)",
      "Älvsjö station (Stockholm kn)",
    ],
  },
  Object {
    "start": Object {
      "date": "2019-08-04",
      "time": "10:02:00",
    },
    "stops": Array [
      "Hedvigsborg (Mörbylånga kn)",
      "Resmo vsk (Mörbylånga kn)",
      "Kleva (Mörbylånga kn)",
      "Lilla Frö (Mörbylånga kn)",
      "Stora Frö (Mörbylånga kn)",
      "Haga park (Mörbylånga kn)",
      "Vickleby vsk (Mörbylånga kn)",
      "Karlevi vsk (Mörbylånga kn)",
      "Eriksöre camping (Mörbylånga kn)",
      "Runsbäck (Mörbylånga kn)",
      "Färjestaden Byggmästargatan (Mörbylånga kn)",
      "Södra Hamnplan (Mörbylånga kn)",
      "Färjestaden Ölands Köpstad (Mörbylånga kn)",
      "Snäckstrand södra (Mörbylånga kn)",
      "Snäckstrand norra (Mörbylånga kn)",
      "Färjestaden Möllstorp (Mörbylånga kn)",
      "Tallhagen (Kalmar kn)",
      "Kalmar Chokladfabriken",
      "Kalmar Malmen",
      "Tullslätten (Kalmar kn)",
      "Kalmar Centralstation",
      "Nybro station",
      "Emmaboda station",
      "Lessebo station",
      "Hovmantorp station (Lessebo kn)",
      "Växjö station",
      "Alvesta station",
      "Nässjö Centralstation",
      "Linköping Centralstation",
      "Norrköping Centralstation",
      "Södertälje Syd station",
      "Stockholm Södra station",
      "Årstaberg station (Stockholm kn)",
      "Älvsjö station (Stockholm kn)",
      "Turingevägen (Stockholm kn)",
    ],
  },
  Object {
    "start": Object {
      "date": "2019-08-04",
      "time": "10:02:00",
    },
    "stops": Array [
      "Hedvigsborg (Mörbylånga kn)",
      "Resmo vsk (Mörbylånga kn)",
      "Kleva (Mörbylånga kn)",
      "Lilla Frö (Mörbylånga kn)",
      "Stora Frö (Mörbylånga kn)",
      "Haga park (Mörbylånga kn)",
      "Vickleby vsk (Mörbylånga kn)",
      "Karlevi vsk (Mörbylånga kn)",
      "Eriksöre camping (Mörbylånga kn)",
      "Runsbäck (Mörbylånga kn)",
      "Färjestaden Byggmästargatan (Mörbylånga kn)",
      "Södra Hamnplan (Mörbylånga kn)",
      "Färjestaden Ölands Köpstad (Mörbylånga kn)",
      "Snäckstrand södra (Mörbylånga kn)",
      "Snäckstrand norra (Mörbylånga kn)",
      "Färjestaden Möllstorp (Mörbylånga kn)",
      "Tallhagen (Kalmar kn)",
      "Kalmar Chokladfabriken",
      "Kalmar Malmen",
      "Tullslätten (Kalmar kn)",
      "Kalmar Centralstation",
      "Mönsterås norra",
      "Oskarshamn station",
      "Västervik station",
      "Norrköping busstation",
      "Södertälje Syd station",
      "Flemingsberg station (Huddinge kn)",
      "Huddinge station",
      "Stuvsta station (Huddinge kn)",
      "Älvsjö station (Stockholm kn)",
    ],
  },
  Object {
    "start": Object {
      "date": "2019-08-04",
      "time": "10:02:00",
    },
    "stops": Array [
      "Hedvigsborg (Mörbylånga kn)",
      "Resmo vsk (Mörbylånga kn)",
      "Kleva (Mörbylånga kn)",
      "Lilla Frö (Mörbylånga kn)",
      "Stora Frö (Mörbylånga kn)",
      "Haga park (Mörbylånga kn)",
      "Vickleby vsk (Mörbylånga kn)",
      "Karlevi vsk (Mörbylånga kn)",
      "Eriksöre camping (Mörbylånga kn)",
      "Runsbäck (Mörbylånga kn)",
      "Färjestaden Byggmästargatan (Mörbylånga kn)",
      "Södra Hamnplan (Mörbylånga kn)",
      "Färjestaden Ölands Köpstad (Mörbylånga kn)",
      "Snäckstrand södra (Mörbylånga kn)",
      "Snäckstrand norra (Mörbylånga kn)",
      "Färjestaden Möllstorp (Mörbylånga kn)",
      "Tallhagen (Kalmar kn)",
      "Kalmar Chokladfabriken",
      "Kalmar Malmen",
      "Tullslätten (Kalmar kn)",
      "Kalmar Centralstation",
      "Mönsterås norra",
      "Oskarshamn station",
      "Västervik station",
      "Norrköping busstation",
      "Södertälje Syd station",
      "Flemingsberg station (Huddinge kn)",
      "Huddinge station",
      "Stuvsta station (Huddinge kn)",
      "Älvsjö station (Stockholm kn)",
      "Turingevägen (Stockholm kn)",
    ],
  },
  Object {
    "start": Object {
      "date": "2019-08-04",
      "time": "10:02:00",
    },
    "stops": Array [
      "Hedvigsborg (Mörbylånga kn)",
      "Resmo vsk (Mörbylånga kn)",
      "Kleva (Mörbylånga kn)",
      "Lilla Frö (Mörbylånga kn)",
      "Stora Frö (Mörbylånga kn)",
      "Haga park (Mörbylånga kn)",
      "Vickleby vsk (Mörbylånga kn)",
      "Karlevi vsk (Mörbylånga kn)",
      "Eriksöre camping (Mörbylånga kn)",
      "Runsbäck (Mörbylånga kn)",
      "Färjestaden Byggmästargatan (Mörbylånga kn)",
      "Södra Hamnplan (Mörbylånga kn)",
      "Färjestaden Ölands Köpstad (Mörbylånga kn)",
      "Snäckstrand södra (Mörbylånga kn)",
      "Snäckstrand norra (Mörbylånga kn)",
      "Färjestaden Möllstorp (Mörbylånga kn)",
      "Tallhagen (Kalmar kn)",
      "Kalmar Chokladfabriken",
      "Kalmar Malmen",
      "Tullslätten (Kalmar kn)",
      "Kalmar Centralstation",
      "Mönsterås norra",
      "Oskarshamn station",
      "Västervik station",
      "Norrköping busstation",
      "Nyköping busstation",
      "Stockholm Cityterminalen",
      "Stockholm Södra station",
      "Årstaberg station (Stockholm kn)",
      "Älvsjö station (Stockholm kn)",
    ],
  },
  Object {
    "start": Object {
      "date": "2019-08-04",
      "time": "10:02:00",
    },
    "stops": Array [
      "Hedvigsborg (Mörbylånga kn)",
      "Resmo vsk (Mörbylånga kn)",
      "Kleva (Mörbylånga kn)",
      "Lilla Frö (Mörbylånga kn)",
      "Stora Frö (Mörbylånga kn)",
      "Haga park (Mörbylånga kn)",
      "Vickleby vsk (Mörbylånga kn)",
      "Karlevi vsk (Mörbylånga kn)",
      "Eriksöre camping (Mörbylånga kn)",
      "Runsbäck (Mörbylånga kn)",
      "Färjestaden Byggmästargatan (Mörbylånga kn)",
      "Södra Hamnplan (Mörbylånga kn)",
      "Färjestaden Ölands Köpstad (Mörbylånga kn)",
      "Snäckstrand södra (Mörbylånga kn)",
      "Snäckstrand norra (Mörbylånga kn)",
      "Färjestaden Möllstorp (Mörbylånga kn)",
      "Tallhagen (Kalmar kn)",
      "Kalmar Chokladfabriken",
      "Kalmar Malmen",
      "Tullslätten (Kalmar kn)",
      "Kalmar Centralstation",
      "Mönsterås norra",
      "Oskarshamn station",
      "Västervik station",
      "Norrköping busstation",
      "Nyköping busstation",
      "Stockholm Cityterminalen",
      "Stockholm Södra station",
      "Årstaberg station (Stockholm kn)",
      "Älvsjö station (Stockholm kn)",
      "Turingevägen (Stockholm kn)",
    ],
  },
  Object {
    "start": Object {
      "date": "2019-08-04",
      "time": "12:02:00",
    },
    "stops": Array [
      "Hedvigsborg (Mörbylånga kn)",
      "Resmo vsk (Mörbylånga kn)",
      "Kleva (Mörbylånga kn)",
      "Lilla Frö (Mörbylånga kn)",
      "Stora Frö (Mörbylånga kn)",
      "Haga park (Mörbylånga kn)",
      "Vickleby vsk (Mörbylånga kn)",
      "Karlevi vsk (Mörbylånga kn)",
      "Eriksöre camping (Mörbylånga kn)",
      "Runsbäck (Mörbylånga kn)",
      "Färjestaden Byggmästargatan (Mörbylånga kn)",
      "Södra Hamnplan (Mörbylånga kn)",
      "Färjestaden Ölands Köpstad (Mörbylånga kn)",
      "Snäckstrand södra (Mörbylånga kn)",
      "Snäckstrand norra (Mörbylånga kn)",
      "Färjestaden Möllstorp (Mörbylånga kn)",
      "Tallhagen (Kalmar kn)",
      "Kalmar Chokladfabriken",
      "Kalmar Malmen",
      "Tullslätten (Kalmar kn)",
      "Kalmar Centralstation",
      "Nybro station",
      "Emmaboda station",
      "Lessebo station",
      "Hovmantorp station (Lessebo kn)",
      "Växjö station",
      "Alvesta station",
      "Nässjö Centralstation",
      "Tranås station",
      "Linköping Centralstation",
      "Norrköping Centralstation",
      "Södertälje Syd station",
      "Stockholm Södra station",
      "Årstaberg station (Stockholm kn)",
      "Älvsjö station (Stockholm kn)",
    ],
  },
  Object {
    "start": Object {
      "date": "2019-08-04",
      "time": "12:02:00",
    },
    "stops": Array [
      "Hedvigsborg (Mörbylånga kn)",
      "Resmo vsk (Mörbylånga kn)",
      "Kleva (Mörbylånga kn)",
      "Lilla Frö (Mörbylånga kn)",
      "Stora Frö (Mörbylånga kn)",
      "Haga park (Mörbylånga kn)",
      "Vickleby vsk (Mörbylånga kn)",
      "Karlevi vsk (Mörbylånga kn)",
      "Eriksöre camping (Mörbylånga kn)",
      "Runsbäck (Mörbylånga kn)",
      "Färjestaden Byggmästargatan (Mörbylånga kn)",
      "Södra Hamnplan (Mörbylånga kn)",
      "Färjestaden Ölands Köpstad (Mörbylånga kn)",
      "Snäckstrand södra (Mörbylånga kn)",
      "Snäckstrand norra (Mörbylånga kn)",
      "Färjestaden Möllstorp (Mörbylånga kn)",
      "Tallhagen (Kalmar kn)",
      "Kalmar Chokladfabriken",
      "Kalmar Malmen",
      "Tullslätten (Kalmar kn)",
      "Kalmar Centralstation",
      "Nybro station",
      "Emmaboda station",
      "Lessebo station",
      "Hovmantorp station (Lessebo kn)",
      "Växjö station",
      "Alvesta station",
      "Nässjö Centralstation",
      "Tranås station",
      "Linköping Centralstation",
      "Norrköping Centralstation",
      "Södertälje Syd station",
      "Stockholm Södra station",
      "Årstaberg station (Stockholm kn)",
      "Älvsjö station (Stockholm kn)",
      "Turingevägen (Stockholm kn)",
    ],
  },
  Object {
    "start": Object {
      "date": "2019-08-04",
      "time": "13:02:00",
    },
    "stops": Array [
      "Hedvigsborg (Mörbylånga kn)",
      "Resmo vsk (Mörbylånga kn)",
      "Kleva (Mörbylånga kn)",
      "Lilla Frö (Mörbylånga kn)",
      "Stora Frö (Mörbylånga kn)",
      "Haga park (Mörbylånga kn)",
      "Vickleby vsk (Mörbylånga kn)",
      "Karlevi vsk (Mörbylånga kn)",
      "Eriksöre camping (Mörbylånga kn)",
      "Runsbäck (Mörbylånga kn)",
      "Färjestaden Byggmästargatan (Mörbylånga kn)",
      "Södra Hamnplan (Mörbylånga kn)",
      "Färjestaden Ölands Köpstad (Mörbylånga kn)",
      "Snäckstrand södra (Mörbylånga kn)",
      "Snäckstrand norra (Mörbylånga kn)",
      "Färjestaden Möllstorp (Mörbylånga kn)",
      "Tallhagen (Kalmar kn)",
      "Kalmar Chokladfabriken",
      "Kalmar Malmen",
      "Tullslätten (Kalmar kn)",
      "Kalmar Centralstation",
      "Blomstermåla station (Mönsterås kn)",
      "Högsby station",
      "Berga station (Högsby kn)",
      "Hultsfred station",
      "Vimmerby station",
      "Astrid Lindgrens Värld station (Vimmerby kn)",
      "Kisa station (Kinda kn)",
      "Rimforsa station (Kinda kn)",
      "Linköping Centralstation",
      "Stockholm Cityterminalen",
      "Stockholm Södra station",
      "Årstaberg station (Stockholm kn)",
      "Älvsjö station (Stockholm kn)",
    ],
  },
  Object {
    "start": Object {
      "date": "2019-08-04",
      "time": "13:02:00",
    },
    "stops": Array [
      "Hedvigsborg (Mörbylånga kn)",
      "Resmo vsk (Mörbylånga kn)",
      "Kleva (Mörbylånga kn)",
      "Lilla Frö (Mörbylånga kn)",
      "Stora Frö (Mörbylånga kn)",
      "Haga park (Mörbylånga kn)",
      "Vickleby vsk (Mörbylånga kn)",
      "Karlevi vsk (Mörbylånga kn)",
      "Eriksöre camping (Mörbylånga kn)",
      "Runsbäck (Mörbylånga kn)",
      "Färjestaden Byggmästargatan (Mörbylånga kn)",
      "Södra Hamnplan (Mörbylånga kn)",
      "Färjestaden Ölands Köpstad (Mörbylånga kn)",
      "Snäckstrand södra (Mörbylånga kn)",
      "Snäckstrand norra (Mörbylånga kn)",
      "Färjestaden Möllstorp (Mörbylånga kn)",
      "Tallhagen (Kalmar kn)",
      "Kalmar Chokladfabriken",
      "Kalmar Malmen",
      "Tullslätten (Kalmar kn)",
      "Kalmar Centralstation",
      "Blomstermåla station (Mönsterås kn)",
      "Högsby station",
      "Berga station (Högsby kn)",
      "Hultsfred station",
      "Vimmerby station",
      "Astrid Lindgrens Värld station (Vimmerby kn)",
      "Kisa station (Kinda kn)",
      "Rimforsa station (Kinda kn)",
      "Linköping Centralstation",
      "Stockholm Cityterminalen",
      "Stockholm Södra station",
      "Årstaberg station (Stockholm kn)",
      "Älvsjö station (Stockholm kn)",
      "Turingevägen (Stockholm kn)",
    ],
  },
  Object {
    "start": Object {
      "date": "2019-08-04",
      "time": "14:02:00",
    },
    "stops": Array [
      "Hedvigsborg (Mörbylånga kn)",
      "Resmo vsk (Mörbylånga kn)",
      "Kleva (Mörbylånga kn)",
      "Lilla Frö (Mörbylånga kn)",
      "Stora Frö (Mörbylånga kn)",
      "Haga park (Mörbylånga kn)",
      "Vickleby vsk (Mörbylånga kn)",
      "Karlevi vsk (Mörbylånga kn)",
      "Eriksöre camping (Mörbylånga kn)",
      "Runsbäck (Mörbylånga kn)",
      "Färjestaden Byggmästargatan (Mörbylånga kn)",
      "Södra Hamnplan (Mörbylånga kn)",
      "Färjestaden Ölands Köpstad (Mörbylånga kn)",
      "Snäckstrand södra (Mörbylånga kn)",
      "Snäckstrand norra (Mörbylånga kn)",
      "Färjestaden Möllstorp (Mörbylånga kn)",
      "Tallhagen (Kalmar kn)",
      "Kalmar Chokladfabriken",
      "Kalmar Malmen",
      "Tullslätten (Kalmar kn)",
      "Kalmar Centralstation",
      "Nybro station",
      "Emmaboda station",
      "Lessebo station",
      "Hovmantorp station (Lessebo kn)",
      "Växjö station",
      "Alvesta station",
      "Nässjö Centralstation",
      "Linköping Centralstation",
      "Norrköping Centralstation",
      "Södertälje Syd station",
      "Stockholm Södra station",
      "Årstaberg station (Stockholm kn)",
      "Älvsjö station (Stockholm kn)",
    ],
  },
  Object {
    "start": Object {
      "date": "2019-08-04",
      "time": "14:02:00",
    },
    "stops": Array [
      "Hedvigsborg (Mörbylånga kn)",
      "Resmo vsk (Mörbylånga kn)",
      "Kleva (Mörbylånga kn)",
      "Lilla Frö (Mörbylånga kn)",
      "Stora Frö (Mörbylånga kn)",
      "Haga park (Mörbylånga kn)",
      "Vickleby vsk (Mörbylånga kn)",
      "Karlevi vsk (Mörbylånga kn)",
      "Eriksöre camping (Mörbylånga kn)",
      "Runsbäck (Mörbylånga kn)",
      "Färjestaden Byggmästargatan (Mörbylånga kn)",
      "Södra Hamnplan (Mörbylånga kn)",
      "Färjestaden Ölands Köpstad (Mörbylånga kn)",
      "Snäckstrand södra (Mörbylånga kn)",
      "Snäckstrand norra (Mörbylånga kn)",
      "Färjestaden Möllstorp (Mörbylånga kn)",
      "Tallhagen (Kalmar kn)",
      "Kalmar Chokladfabriken",
      "Kalmar Malmen",
      "Tullslätten (Kalmar kn)",
      "Kalmar Centralstation",
      "Nybro station",
      "Emmaboda station",
      "Lessebo station",
      "Hovmantorp station (Lessebo kn)",
      "Växjö station",
      "Alvesta station",
      "Nässjö Centralstation",
      "Linköping Centralstation",
      "Norrköping Centralstation",
      "Södertälje Syd station",
      "Stockholm Södra station",
      "Årstaberg station (Stockholm kn)",
      "Älvsjö station (Stockholm kn)",
      "Turingevägen (Stockholm kn)",
    ],
  },
  Object {
    "start": Object {
      "date": "2019-08-04",
      "time": "14:02:00",
    },
    "stops": Array [
      "Hedvigsborg (Mörbylånga kn)",
      "Resmo vsk (Mörbylånga kn)",
      "Kleva (Mörbylånga kn)",
      "Lilla Frö (Mörbylånga kn)",
      "Stora Frö (Mörbylånga kn)",
      "Haga park (Mörbylånga kn)",
      "Vickleby vsk (Mörbylånga kn)",
      "Karlevi vsk (Mörbylånga kn)",
      "Eriksöre camping (Mörbylånga kn)",
      "Runsbäck (Mörbylånga kn)",
      "Färjestaden Byggmästargatan (Mörbylånga kn)",
      "Södra Hamnplan (Mörbylånga kn)",
      "Färjestaden Ölands Köpstad (Mörbylånga kn)",
      "Snäckstrand södra (Mörbylånga kn)",
      "Snäckstrand norra (Mörbylånga kn)",
      "Färjestaden Möllstorp (Mörbylånga kn)",
      "Tallhagen (Kalmar kn)",
      "Kalmar Chokladfabriken",
      "Kalmar Malmen",
      "Tullslätten (Kalmar kn)",
      "Kalmar Centralstation",
      "Mönsterås norra",
      "Oskarshamn station",
      "Västervik station",
      "Norrköping busstation",
      "Södertälje hamn station",
      "Östertälje station (Södertälje kn)",
      "Rönninge station (Salem kn)",
      "Tumba station (Botkyrka kn)",
      "Tullinge station (Botkyrka kn)",
      "Flemingsberg station (Huddinge kn)",
      "Huddinge station",
      "Stuvsta station (Huddinge kn)",
      "Älvsjö station (Stockholm kn)",
    ],
  },
  Object {
    "start": Object {
      "date": "2019-08-04",
      "time": "14:02:00",
    },
    "stops": Array [
      "Hedvigsborg (Mörbylånga kn)",
      "Resmo vsk (Mörbylånga kn)",
      "Kleva (Mörbylånga kn)",
      "Lilla Frö (Mörbylånga kn)",
      "Stora Frö (Mörbylånga kn)",
      "Haga park (Mörbylånga kn)",
      "Vickleby vsk (Mörbylånga kn)",
      "Karlevi vsk (Mörbylånga kn)",
      "Eriksöre camping (Mörbylånga kn)",
      "Runsbäck (Mörbylånga kn)",
      "Färjestaden Byggmästargatan (Mörbylånga kn)",
      "Södra Hamnplan (Mörbylånga kn)",
      "Färjestaden Ölands Köpstad (Mörbylånga kn)",
      "Snäckstrand södra (Mörbylånga kn)",
      "Snäckstrand norra (Mörbylånga kn)",
      "Färjestaden Möllstorp (Mörbylånga kn)",
      "Tallhagen (Kalmar kn)",
      "Kalmar Chokladfabriken",
      "Kalmar Malmen",
      "Tullslätten (Kalmar kn)",
      "Kalmar Centralstation",
      "Mönsterås norra",
      "Oskarshamn station",
      "Västervik station",
      "Norrköping busstation",
      "Södertälje hamn station",
      "Östertälje station (Södertälje kn)",
      "Rönninge station (Salem kn)",
      "Tumba station (Botkyrka kn)",
      "Tullinge station (Botkyrka kn)",
      "Flemingsberg station (Huddinge kn)",
      "Huddinge station",
      "Stuvsta station (Huddinge kn)",
      "Älvsjö station (Stockholm kn)",
      "Turingevägen (Stockholm kn)",
    ],
  },
  Object {
    "start": Object {
      "date": "2019-08-04",
      "time": "14:02:00",
    },
    "stops": Array [
      "Hedvigsborg (Mörbylånga kn)",
      "Resmo vsk (Mörbylånga kn)",
      "Kleva (Mörbylånga kn)",
      "Lilla Frö (Mörbylånga kn)",
      "Stora Frö (Mörbylånga kn)",
      "Haga park (Mörbylånga kn)",
      "Vickleby vsk (Mörbylånga kn)",
      "Karlevi vsk (Mörbylånga kn)",
      "Eriksöre camping (Mörbylånga kn)",
      "Runsbäck (Mörbylånga kn)",
      "Färjestaden Byggmästargatan (Mörbylånga kn)",
      "Södra Hamnplan (Mörbylånga kn)",
      "Färjestaden Ölands Köpstad (Mörbylånga kn)",
      "Snäckstrand södra (Mörbylånga kn)",
      "Snäckstrand norra (Mörbylånga kn)",
      "Färjestaden Möllstorp (Mörbylånga kn)",
      "Tallhagen (Kalmar kn)",
      "Kalmar Chokladfabriken",
      "Kalmar Malmen",
      "Tullslätten (Kalmar kn)",
      "Kalmar Centralstation",
      "Mönsterås norra",
      "Oskarshamn station",
      "Västervik station",
      "Norrköping busstation",
      "Nyköping busstation",
      "Stockholm Cityterminalen",
      "Stockholm Södra station",
      "Årstaberg station (Stockholm kn)",
      "Älvsjö station (Stockholm kn)",
    ],
  },
  Object {
    "start": Object {
      "date": "2019-08-04",
      "time": "14:02:00",
    },
    "stops": Array [
      "Hedvigsborg (Mörbylånga kn)",
      "Resmo vsk (Mörbylånga kn)",
      "Kleva (Mörbylånga kn)",
      "Lilla Frö (Mörbylånga kn)",
      "Stora Frö (Mörbylånga kn)",
      "Haga park (Mörbylånga kn)",
      "Vickleby vsk (Mörbylånga kn)",
      "Karlevi vsk (Mörbylånga kn)",
      "Eriksöre camping (Mörbylånga kn)",
      "Runsbäck (Mörbylånga kn)",
      "Färjestaden Byggmästargatan (Mörbylånga kn)",
      "Södra Hamnplan (Mörbylånga kn)",
      "Färjestaden Ölands Köpstad (Mörbylånga kn)",
      "Snäckstrand södra (Mörbylånga kn)",
      "Snäckstrand norra (Mörbylånga kn)",
      "Färjestaden Möllstorp (Mörbylånga kn)",
      "Tallhagen (Kalmar kn)",
      "Kalmar Chokladfabriken",
      "Kalmar Malmen",
      "Tullslätten (Kalmar kn)",
      "Kalmar Centralstation",
      "Mönsterås norra",
      "Oskarshamn station",
      "Västervik station",
      "Norrköping busstation",
      "Nyköping busstation",
      "Stockholm Cityterminalen",
      "Stockholm Södra station",
      "Årstaberg station (Stockholm kn)",
      "Älvsjö station (Stockholm kn)",
      "Turingevägen (Stockholm kn)",
    ],
  },
  Object {
    "start": Object {
      "date": "2019-08-04",
      "time": "17:02:00",
    },
    "stops": Array [
      "Hedvigsborg (Mörbylånga kn)",
      "Resmo vsk (Mörbylånga kn)",
      "Kleva (Mörbylånga kn)",
      "Lilla Frö (Mörbylånga kn)",
      "Stora Frö (Mörbylånga kn)",
      "Haga park (Mörbylånga kn)",
      "Vickleby vsk (Mörbylånga kn)",
      "Karlevi vsk (Mörbylånga kn)",
      "Eriksöre camping (Mörbylånga kn)",
      "Runsbäck (Mörbylånga kn)",
      "Färjestaden Byggmästargatan (Mörbylånga kn)",
      "Södra Hamnplan (Mörbylånga kn)",
      "Färjestaden Ölands Köpstad (Mörbylånga kn)",
      "Snäckstrand södra (Mörbylånga kn)",
      "Snäckstrand norra (Mörbylånga kn)",
      "Färjestaden Möllstorp (Mörbylånga kn)",
      "Tallhagen (Kalmar kn)",
      "Kalmar Chokladfabriken",
      "Kalmar Malmen",
      "Tullslätten (Kalmar kn)",
      "Kalmar Centralstation",
      "Nybro station",
      "Emmaboda station",
      "Lessebo station",
      "Hovmantorp station (Lessebo kn)",
      "Växjö station",
      "Alvesta station",
      "Nässjö Centralstation",
      "Tranås station",
      "Linköping Centralstation",
      "Norrköping Centralstation",
      "Södertälje Syd station",
      "Stockholm Södra station",
      "Årstaberg station (Stockholm kn)",
      "Älvsjö station (Stockholm kn)",
    ],
  },
  Object {
    "start": Object {
      "date": "2019-08-04",
      "time": "17:02:00",
    },
    "stops": Array [
      "Hedvigsborg (Mörbylånga kn)",
      "Resmo vsk (Mörbylånga kn)",
      "Kleva (Mörbylånga kn)",
      "Lilla Frö (Mörbylånga kn)",
      "Stora Frö (Mörbylånga kn)",
      "Haga park (Mörbylånga kn)",
      "Vickleby vsk (Mörbylånga kn)",
      "Karlevi vsk (Mörbylånga kn)",
      "Eriksöre camping (Mörbylånga kn)",
      "Runsbäck (Mörbylånga kn)",
      "Färjestaden Byggmästargatan (Mörbylånga kn)",
      "Södra Hamnplan (Mörbylånga kn)",
      "Färjestaden Ölands Köpstad (Mörbylånga kn)",
      "Snäckstrand södra (Mörbylånga kn)",
      "Snäckstrand norra (Mörbylånga kn)",
      "Färjestaden Möllstorp (Mörbylånga kn)",
      "Tallhagen (Kalmar kn)",
      "Kalmar Chokladfabriken",
      "Kalmar Malmen",
      "Tullslätten (Kalmar kn)",
      "Kalmar Centralstation",
      "Nybro station",
      "Emmaboda station",
      "Lessebo station",
      "Hovmantorp station (Lessebo kn)",
      "Växjö station",
      "Alvesta station",
      "Nässjö Centralstation",
      "Tranås station",
      "Linköping Centralstation",
      "Norrköping Centralstation",
      "Södertälje Syd station",
      "Stockholm Södra station",
      "Årstaberg station (Stockholm kn)",
      "Älvsjö station (Stockholm kn)",
      "Turingevägen (Stockholm kn)",
    ],
  },
  Object {
    "start": Object {
      "date": "2019-08-04",
      "time": "17:02:00",
    },
    "stops": Array [
      "Hedvigsborg (Mörbylånga kn)",
      "Resmo vsk (Mörbylånga kn)",
      "Kleva (Mörbylånga kn)",
      "Lilla Frö (Mörbylånga kn)",
      "Stora Frö (Mörbylånga kn)",
      "Haga park (Mörbylånga kn)",
      "Vickleby vsk (Mörbylånga kn)",
      "Karlevi vsk (Mörbylånga kn)",
      "Eriksöre camping (Mörbylånga kn)",
      "Runsbäck (Mörbylånga kn)",
      "Färjestaden Byggmästargatan (Mörbylånga kn)",
      "Södra Hamnplan (Mörbylånga kn)",
      "Färjestaden Ölands Köpstad (Mörbylånga kn)",
      "Snäckstrand södra (Mörbylånga kn)",
      "Snäckstrand norra (Mörbylånga kn)",
      "Färjestaden Möllstorp (Mörbylånga kn)",
      "Tallhagen (Kalmar kn)",
      "Kalmar Chokladfabriken",
      "Kalmar Malmen",
      "Tullslätten (Kalmar kn)",
      "Kalmar Centralstation",
      "Blomstermåla station (Mönsterås kn)",
      "Högsby station",
      "Berga station (Högsby kn)",
      "Hultsfred station",
      "Vimmerby station",
      "Astrid Lindgrens Värld station (Vimmerby kn)",
      "Kisa station (Kinda kn)",
      "Rimforsa station (Kinda kn)",
      "Linköping Centralstation",
      "Norrköping busstation",
      "Stockholm Cityterminalen",
      "T-Centralen Spårv (Stockholm kn)",
      "Stockholm Kungsträdgården",
      "Stockholm Karl XII:s torg",
      "Slottsbacken (Stockholm kn)",
      "Slussen T-bana (Stockholm kn)",
      "Medborgarplatsen T-bana (Stockholm kn)",
      "Skanstull T-bana (Stockholm kn)",
      "Gullmarsplan T-bana (Stockholm kn)",
      "Slakthuset (Globen) (Stockholm kn)",
      "Enskede Gård T-bana (Stockholm kn)",
      "Sockenplan T-bana (Stockholm kn)",
      "Svedmyra (Stockholm kn)",
      "Postiljonsvägen (Stockholm kn)",
      "Söråkersvägen (Stockholm kn)",
      "Örbyleden (Stockholm kn)",
      "Bandhagen T-bana (Stockholm kn)",
      "Bäckahagens skola (Stockholm kn)",
      "Sjösavägen (Stockholm kn)",
      "Skebokvarnsvägen (på Önskehemsgatan) (Stockholm kn",
      "Högdalen T-bana (Stockholm kn)",
      "Rågsved T-bana (Stockholm kn)",
      "Lerbäcksgränd (Stockholm kn)",
      "Porlabacken (Stockholm kn)",
      "Frövigatan (Stockholm kn)",
    ],
  },
  Object {
    "start": Object {
      "date": "2019-08-04",
      "time": "17:02:00",
    },
    "stops": Array [
      "Hedvigsborg (Mörbylånga kn)",
      "Resmo vsk (Mörbylånga kn)",
      "Kleva (Mörbylånga kn)",
      "Lilla Frö (Mörbylånga kn)",
      "Stora Frö (Mörbylånga kn)",
      "Haga park (Mörbylånga kn)",
      "Vickleby vsk (Mörbylånga kn)",
      "Karlevi vsk (Mörbylånga kn)",
      "Eriksöre camping (Mörbylånga kn)",
      "Runsbäck (Mörbylånga kn)",
      "Färjestaden Byggmästargatan (Mörbylånga kn)",
      "Södra Hamnplan (Mörbylånga kn)",
      "Färjestaden Ölands Köpstad (Mörbylånga kn)",
      "Snäckstrand södra (Mörbylånga kn)",
      "Snäckstrand norra (Mörbylånga kn)",
      "Färjestaden Möllstorp (Mörbylånga kn)",
      "Tallhagen (Kalmar kn)",
      "Kalmar Chokladfabriken",
      "Kalmar Malmen",
      "Tullslätten (Kalmar kn)",
      "Kalmar Centralstation",
      "Blomstermåla station (Mönsterås kn)",
      "Högsby station",
      "Berga station (Högsby kn)",
      "Hultsfred station",
      "Vimmerby station",
      "Astrid Lindgrens Värld station (Vimmerby kn)",
      "Kisa station (Kinda kn)",
      "Rimforsa station (Kinda kn)",
      "Linköping Centralstation",
      "Norrköping busstation",
      "Stockholm Cityterminalen",
      "T-Centralen Spårv (Stockholm kn)",
      "Stockholm Kungsträdgården",
      "Stockholm Karl XII:s torg",
      "Slottsbacken (Stockholm kn)",
      "Slussen T-bana (Stockholm kn)",
      "Stockholm Mariatorget",
      "Hornsgatan/Rosenlundsgatan (Stockholm kn)",
      "Zinkensdamm T-bana (Stockholm kn)",
      "Ansgariegatan (Stockholm kn)",
      "Varvsgatan (på Hornsgatan) (Stockholm kn)",
      "Hornstull T-bana (Stockholm kn)",
      "Marievik (Stockholm kn)",
      "Nybodahallen (på Hägerstensvägen) (Stockholm kn)",
      "Kilaberg (Stockholm kn)",
      "Majstångsvägen (Stockholm kn)",
      "Svandammsplan (Stockholm kn)",
      "Telefonplan T-bana (Stockholm kn)",
      "Tellusborgsvägen (Stockholm kn)",
      "Västbergavägen (Stockholm kn)",
      "Safirgränd (Stockholm kn)",
      "Kristallvägen (Stockholm kn)",
      "Sulvägen (Stockholm kn)",
      "Pliggvägen (Stockholm kn)",
      "Solberga park (Stockholm kn)",
      "Prästgårdsgärdet (Stockholm kn)",
      "Älvsjö station (Stockholm kn)",
      "Turingevägen (Stockholm kn)",
    ],
  },
  Object {
    "start": Object {
      "date": "2019-08-04",
      "time": "18:02:00",
    },
    "stops": Array [
      "Hedvigsborg (Mörbylånga kn)",
      "Resmo vsk (Mörbylånga kn)",
      "Kleva (Mörbylånga kn)",
      "Lilla Frö (Mörbylånga kn)",
      "Stora Frö (Mörbylånga kn)",
      "Haga park (Mörbylånga kn)",
      "Vickleby vsk (Mörbylånga kn)",
      "Karlevi vsk (Mörbylånga kn)",
      "Eriksöre camping (Mörbylånga kn)",
      "Runsbäck (Mörbylånga kn)",
      "Färjestaden Byggmästargatan (Mörbylånga kn)",
      "Södra Hamnplan (Mörbylånga kn)",
      "Färjestaden Ölands Köpstad (Mörbylånga kn)",
      "Snäckstrand södra (Mörbylånga kn)",
      "Snäckstrand norra (Mörbylånga kn)",
      "Färjestaden Möllstorp (Mörbylånga kn)",
      "Tallhagen (Kalmar kn)",
      "Kalmar Chokladfabriken",
      "Kalmar Malmen",
      "Tullslätten (Kalmar kn)",
      "Kalmar Centralstation",
      "Nybro station",
      "Emmaboda station",
      "Lessebo station",
      "Hovmantorp station (Lessebo kn)",
      "Växjö station",
      "Alvesta station",
      "Nässjö Centralstation",
      "Linköping Centralstation",
      "Norrköping Centralstation",
      "Flemingsberg station (Huddinge kn)",
      "Huddinge station",
      "Stuvsta station (Huddinge kn)",
      "Älvsjö station (Stockholm kn)",
    ],
  },
  Object {
    "start": Object {
      "date": "2019-08-04",
      "time": "18:02:00",
    },
    "stops": Array [
      "Hedvigsborg (Mörbylånga kn)",
      "Resmo vsk (Mörbylånga kn)",
      "Kleva (Mörbylånga kn)",
      "Lilla Frö (Mörbylånga kn)",
      "Stora Frö (Mörbylånga kn)",
      "Haga park (Mörbylånga kn)",
      "Vickleby vsk (Mörbylånga kn)",
      "Karlevi vsk (Mörbylånga kn)",
      "Eriksöre camping (Mörbylånga kn)",
      "Runsbäck (Mörbylånga kn)",
      "Färjestaden Byggmästargatan (Mörbylånga kn)",
      "Södra Hamnplan (Mörbylånga kn)",
      "Färjestaden Ölands Köpstad (Mörbylånga kn)",
      "Snäckstrand södra (Mörbylånga kn)",
      "Snäckstrand norra (Mörbylånga kn)",
      "Färjestaden Möllstorp (Mörbylånga kn)",
      "Tallhagen (Kalmar kn)",
      "Kalmar Chokladfabriken",
      "Kalmar Malmen",
      "Tullslätten (Kalmar kn)",
      "Kalmar Centralstation",
      "Nybro station",
      "Emmaboda station",
      "Lessebo station",
      "Hovmantorp station (Lessebo kn)",
      "Växjö station",
      "Alvesta station",
      "Nässjö Centralstation",
      "Linköping Centralstation",
      "Norrköping Centralstation",
      "Flemingsberg station (Huddinge kn)",
      "Huddinge station",
      "Stuvsta station (Huddinge kn)",
      "Älvsjö station (Stockholm kn)",
      "Turingevägen (Stockholm kn)",
    ],
  },
  Object {
    "start": Object {
      "date": "2019-08-04",
      "time": "22:02:00",
    },
    "stops": Array [
      "Hedvigsborg (Mörbylånga kn)",
      "Resmo vsk (Mörbylånga kn)",
      "Kleva (Mörbylånga kn)",
      "Lilla Frö (Mörbylånga kn)",
      "Stora Frö (Mörbylånga kn)",
      "Haga park (Mörbylånga kn)",
      "Vickleby vsk (Mörbylånga kn)",
      "Karlevi vsk (Mörbylånga kn)",
      "Eriksöre camping (Mörbylånga kn)",
      "Runsbäck (Mörbylånga kn)",
      "Färjestaden Byggmästargatan (Mörbylånga kn)",
      "Södra Hamnplan (Mörbylånga kn)",
      "Färjestaden Ölands Köpstad (Mörbylånga kn)",
      "Snäckstrand södra (Mörbylånga kn)",
      "Snäckstrand norra (Mörbylånga kn)",
      "Färjestaden Möllstorp (Mörbylånga kn)",
      "Tallhagen (Kalmar kn)",
      "Kalmar Chokladfabriken",
      "Kalmar Malmen",
      "Tullslätten (Kalmar kn)",
      "Kalmar Centralstation",
      "Mönsterås norra",
      "Oskarshamn station",
      "Västervik station",
      "Norrköping busstation",
      "Kolmården station (Norrköping kn)",
      "Nyköping Centralstation",
      "Vagnhärad station (Trosa kn)",
      "Södertälje Syd station",
      "Flemingsberg station (Huddinge kn)",
      "Huddinge station",
      "Stuvsta station (Huddinge kn)",
      "Älvsjö station (Stockholm kn)",
    ],
  },
  Object {
    "start": Object {
      "date": "2019-08-04",
      "time": "22:02:00",
    },
    "stops": Array [
      "Hedvigsborg (Mörbylånga kn)",
      "Resmo vsk (Mörbylånga kn)",
      "Kleva (Mörbylånga kn)",
      "Lilla Frö (Mörbylånga kn)",
      "Stora Frö (Mörbylånga kn)",
      "Haga park (Mörbylånga kn)",
      "Vickleby vsk (Mörbylånga kn)",
      "Karlevi vsk (Mörbylånga kn)",
      "Eriksöre camping (Mörbylånga kn)",
      "Runsbäck (Mörbylånga kn)",
      "Färjestaden Byggmästargatan (Mörbylånga kn)",
      "Södra Hamnplan (Mörbylånga kn)",
      "Färjestaden Ölands Köpstad (Mörbylånga kn)",
      "Snäckstrand södra (Mörbylånga kn)",
      "Snäckstrand norra (Mörbylånga kn)",
      "Färjestaden Möllstorp (Mörbylånga kn)",
      "Tallhagen (Kalmar kn)",
      "Kalmar Chokladfabriken",
      "Kalmar Malmen",
      "Tullslätten (Kalmar kn)",
      "Kalmar Centralstation",
      "Mönsterås norra",
      "Oskarshamn station",
      "Västervik station",
      "Norrköping busstation",
      "Kolmården station (Norrköping kn)",
      "Nyköping Centralstation",
      "Vagnhärad station (Trosa kn)",
      "Södertälje Syd station",
      "Flemingsberg station (Huddinge kn)",
      "Huddinge station",
      "Stuvsta station (Huddinge kn)",
      "Älvsjö station (Stockholm kn)",
      "Turingevägen (Stockholm kn)",
    ],
  },
  Object {
    "start": Object {
      "date": "2019-08-04",
      "time": "22:02:00",
    },
    "stops": Array [
      "Hedvigsborg (Mörbylånga kn)",
      "Resmo vsk (Mörbylånga kn)",
      "Kleva (Mörbylånga kn)",
      "Lilla Frö (Mörbylånga kn)",
      "Stora Frö (Mörbylånga kn)",
      "Haga park (Mörbylånga kn)",
      "Vickleby vsk (Mörbylånga kn)",
      "Karlevi vsk (Mörbylånga kn)",
      "Eriksöre camping (Mörbylånga kn)",
      "Runsbäck (Mörbylånga kn)",
      "Färjestaden Byggmästargatan (Mörbylånga kn)",
      "Södra Hamnplan (Mörbylånga kn)",
      "Färjestaden Ölands Köpstad (Mörbylånga kn)",
      "Snäckstrand södra (Mörbylånga kn)",
      "Snäckstrand norra (Mörbylånga kn)",
      "Färjestaden Möllstorp (Mörbylånga kn)",
      "Tallhagen (Kalmar kn)",
      "Kalmar Chokladfabriken",
      "Kalmar Malmen",
      "Tullslätten (Kalmar kn)",
      "Kalmar Centralstation",
      "Mönsterås norra",
      "Oskarshamn station",
      "Västervik station",
      "Norrköping busstation",
      "Stockholm Cityterminalen",
      "Stockholm Södra station",
      "Årstaberg station (Stockholm kn)",
      "Älvsjö station (Stockholm kn)",
    ],
  },
  Object {
    "start": Object {
      "date": "2019-08-04",
      "time": "22:02:00",
    },
    "stops": Array [
      "Hedvigsborg (Mörbylånga kn)",
      "Resmo vsk (Mörbylånga kn)",
      "Kleva (Mörbylånga kn)",
      "Lilla Frö (Mörbylånga kn)",
      "Stora Frö (Mörbylånga kn)",
      "Haga park (Mörbylånga kn)",
      "Vickleby vsk (Mörbylånga kn)",
      "Karlevi vsk (Mörbylånga kn)",
      "Eriksöre camping (Mörbylånga kn)",
      "Runsbäck (Mörbylånga kn)",
      "Färjestaden Byggmästargatan (Mörbylånga kn)",
      "Södra Hamnplan (Mörbylånga kn)",
      "Färjestaden Ölands Köpstad (Mörbylånga kn)",
      "Snäckstrand södra (Mörbylånga kn)",
      "Snäckstrand norra (Mörbylånga kn)",
      "Färjestaden Möllstorp (Mörbylånga kn)",
      "Tallhagen (Kalmar kn)",
      "Kalmar Chokladfabriken",
      "Kalmar Malmen",
      "Tullslätten (Kalmar kn)",
      "Kalmar Centralstation",
      "Mönsterås norra",
      "Oskarshamn station",
      "Västervik station",
      "Norrköping busstation",
      "Stockholm Cityterminalen",
      "Stockholm Södra station",
      "Årstaberg station (Stockholm kn)",
      "Älvsjö station (Stockholm kn)",
      "Turingevägen (Stockholm kn)",
    ],
  },
  Object {
    "start": Object {
      "date": "2019-08-05",
      "time": "05:02:00",
    },
    "stops": Array [
      "Hedvigsborg (Mörbylånga kn)",
      "Resmo vsk (Mörbylånga kn)",
      "Kleva (Mörbylånga kn)",
      "Lilla Frö (Mörbylånga kn)",
      "Stora Frö (Mörbylånga kn)",
      "Haga park (Mörbylånga kn)",
      "Vickleby vsk (Mörbylånga kn)",
      "Karlevi vsk (Mörbylånga kn)",
      "Eriksöre camping (Mörbylånga kn)",
      "Runsbäck (Mörbylånga kn)",
      "Färjestaden Byggmästargatan (Mörbylånga kn)",
      "Södra Hamnplan (Mörbylånga kn)",
      "Färjestaden Ölands Köpstad (Mörbylånga kn)",
      "Snäckstrand södra (Mörbylånga kn)",
      "Snäckstrand norra (Mörbylånga kn)",
      "Färjestaden Möllstorp (Mörbylånga kn)",
      "Tallhagen (Kalmar kn)",
      "Kalmar Chokladfabriken",
      "Kalmar Malmen",
      "Tullslätten (Kalmar kn)",
      "Kalmar Centralstation",
      "Nybro station",
      "Emmaboda station",
      "Lessebo station",
      "Hovmantorp station (Lessebo kn)",
      "Växjö station",
      "Alvesta station",
      "Nässjö Centralstation",
      "Mjölby station",
      "Linköping Centralstation",
      "Norrköping Centralstation",
      "Stockholm Södra station",
      "Årstaberg station (Stockholm kn)",
      "Älvsjö station (Stockholm kn)",
    ],
  },
  Object {
    "start": Object {
      "date": "2019-08-05",
      "time": "05:02:00",
    },
    "stops": Array [
      "Hedvigsborg (Mörbylånga kn)",
      "Resmo vsk (Mörbylånga kn)",
      "Kleva (Mörbylånga kn)",
      "Lilla Frö (Mörbylånga kn)",
      "Stora Frö (Mörbylånga kn)",
      "Haga park (Mörbylånga kn)",
      "Vickleby vsk (Mörbylånga kn)",
      "Karlevi vsk (Mörbylånga kn)",
      "Eriksöre camping (Mörbylånga kn)",
      "Runsbäck (Mörbylånga kn)",
      "Färjestaden Byggmästargatan (Mörbylånga kn)",
      "Södra Hamnplan (Mörbylånga kn)",
      "Färjestaden Ölands Köpstad (Mörbylånga kn)",
      "Snäckstrand södra (Mörbylånga kn)",
      "Snäckstrand norra (Mörbylånga kn)",
      "Färjestaden Möllstorp (Mörbylånga kn)",
      "Tallhagen (Kalmar kn)",
      "Kalmar Chokladfabriken",
      "Kalmar Malmen",
      "Tullslätten (Kalmar kn)",
      "Kalmar Centralstation",
      "Nybro station",
      "Emmaboda station",
      "Lessebo station",
      "Hovmantorp station (Lessebo kn)",
      "Växjö station",
      "Alvesta station",
      "Nässjö Centralstation",
      "Mjölby station",
      "Linköping Centralstation",
      "Norrköping Centralstation",
      "Stockholm Södra station",
      "Årstaberg station (Stockholm kn)",
      "Älvsjö station (Stockholm kn)",
      "Turingevägen (Stockholm kn)",
    ],
  },
  Object {
    "start": Object {
      "date": "2019-08-05",
      "time": "05:02:00",
    },
    "stops": Array [
      "Hedvigsborg (Mörbylånga kn)",
      "Resmo vsk (Mörbylånga kn)",
      "Kleva (Mörbylånga kn)",
      "Lilla Frö (Mörbylånga kn)",
      "Stora Frö (Mörbylånga kn)",
      "Haga park (Mörbylånga kn)",
      "Vickleby vsk (Mörbylånga kn)",
      "Karlevi vsk (Mörbylånga kn)",
      "Eriksöre camping (Mörbylånga kn)",
      "Runsbäck (Mörbylånga kn)",
      "Färjestaden Byggmästargatan (Mörbylånga kn)",
      "Södra Hamnplan (Mörbylånga kn)",
      "Färjestaden Ölands Köpstad (Mörbylånga kn)",
      "Snäckstrand södra (Mörbylånga kn)",
      "Snäckstrand norra (Mörbylånga kn)",
      "Färjestaden Möllstorp (Mörbylånga kn)",
      "Tallhagen (Kalmar kn)",
      "Kalmar Chokladfabriken",
      "Kalmar Malmen",
      "Tullslätten (Kalmar kn)",
      "Kalmar Centralstation",
      "Mönsterås norra",
      "Oskarshamn station",
      "Fårbo E22 (Oskarshamn kn)",
      "Misterhult vägskäl E22 (Oskarshamn kn)",
      "Blankaholm E22 (Västervik kn)",
      "Verkebäcksbron (Västervik kn)",
      "Västervik station",
      "Gamleby Flisvägen (Västervik kn)",
      "Valdemarsvik E22",
      "Söderköping busstation",
      "Norrköping busstation",
      "Nyköping busstation",
      "Stockholm Cityterminalen",
      "Stockholm Södra station",
      "Årstaberg station (Stockholm kn)",
      "Älvsjö station (Stockholm kn)",
    ],
  },
  Object {
    "start": Object {
      "date": "2019-08-05",
      "time": "05:02:00",
    },
    "stops": Array [
      "Hedvigsborg (Mörbylånga kn)",
      "Resmo vsk (Mörbylånga kn)",
      "Kleva (Mörbylånga kn)",
      "Lilla Frö (Mörbylånga kn)",
      "Stora Frö (Mörbylånga kn)",
      "Haga park (Mörbylånga kn)",
      "Vickleby vsk (Mörbylånga kn)",
      "Karlevi vsk (Mörbylånga kn)",
      "Eriksöre camping (Mörbylånga kn)",
      "Runsbäck (Mörbylånga kn)",
      "Färjestaden Byggmästargatan (Mörbylånga kn)",
      "Södra Hamnplan (Mörbylånga kn)",
      "Färjestaden Ölands Köpstad (Mörbylånga kn)",
      "Snäckstrand södra (Mörbylånga kn)",
      "Snäckstrand norra (Mörbylånga kn)",
      "Färjestaden Möllstorp (Mörbylånga kn)",
      "Tallhagen (Kalmar kn)",
      "Kalmar Chokladfabriken",
      "Kalmar Malmen",
      "Tullslätten (Kalmar kn)",
      "Kalmar Centralstation",
      "Mönsterås norra",
      "Oskarshamn station",
      "Fårbo E22 (Oskarshamn kn)",
      "Misterhult vägskäl E22 (Oskarshamn kn)",
      "Blankaholm E22 (Västervik kn)",
      "Verkebäcksbron (Västervik kn)",
      "Västervik station",
      "Gamleby Flisvägen (Västervik kn)",
      "Valdemarsvik E22",
      "Söderköping busstation",
      "Norrköping busstation",
      "Nyköping busstation",
      "Stockholm Cityterminalen",
      "Stockholm Södra station",
      "Årstaberg station (Stockholm kn)",
      "Älvsjö station (Stockholm kn)",
      "Turingevägen (Stockholm kn)",
    ],
  },
]
`;
